Archive member included to satisfy reference by file (symbol)

/opt/homebrew/Cellar/avr-gcc@8/8.4.0_2/lib/avr-gcc/8/gcc/avr/8.4.0/../../../../../../avr/lib/avr5/libm.a(fixunssfsi.o)
                              .build/obj_dz60_tomrobinsonio/protocol/host.o (__fixunssfsi)
/opt/homebrew/Cellar/avr-gcc@8/8.4.0_2/lib/avr-gcc/8/gcc/avr/8.4.0/../../../../../../avr/lib/avr5/libm.a(fp_split3.o)
                              /opt/homebrew/Cellar/avr-gcc@8/8.4.0_2/lib/avr-gcc/8/gcc/avr/8.4.0/../../../../../../avr/lib/avr5/libm.a(fixunssfsi.o) (__fp_splitA)
/opt/homebrew/Cellar/avr-gcc@8/8.4.0_2/lib/avr-gcc/8/gcc/avr/8.4.0/../../../../../../avr/lib/avr5/libm.a(fp_zero.o)
                              /opt/homebrew/Cellar/avr-gcc@8/8.4.0_2/lib/avr-gcc/8/gcc/avr/8.4.0/../../../../../../avr/lib/avr5/libm.a(fixunssfsi.o) (__fp_zero)
/opt/homebrew/Cellar/avr-gcc@8/8.4.0_2/lib/avr-gcc/8/gcc/avr/8.4.0/../../../../../../avr/lib/avr5/libm.a(mulsf3.o)
                              .build/obj_dz60_tomrobinsonio/protocol/host.o (__mulsf3)
/opt/homebrew/Cellar/avr-gcc@8/8.4.0_2/lib/avr-gcc/8/gcc/avr/8.4.0/../../../../../../avr/lib/avr5/libm.a(mulsf3x.o)
                              /opt/homebrew/Cellar/avr-gcc@8/8.4.0_2/lib/avr-gcc/8/gcc/avr/8.4.0/../../../../../../avr/lib/avr5/libm.a(mulsf3.o) (__mulsf3x)
/opt/homebrew/Cellar/avr-gcc@8/8.4.0_2/lib/avr-gcc/8/gcc/avr/8.4.0/../../../../../../avr/lib/avr5/libm.a(fp_inf.o)
                              /opt/homebrew/Cellar/avr-gcc@8/8.4.0_2/lib/avr-gcc/8/gcc/avr/8.4.0/../../../../../../avr/lib/avr5/libm.a(mulsf3x.o) (__fp_inf)
/opt/homebrew/Cellar/avr-gcc@8/8.4.0_2/lib/avr-gcc/8/gcc/avr/8.4.0/../../../../../../avr/lib/avr5/libm.a(fp_nan.o)
                              /opt/homebrew/Cellar/avr-gcc@8/8.4.0_2/lib/avr-gcc/8/gcc/avr/8.4.0/../../../../../../avr/lib/avr5/libm.a(mulsf3x.o) (__fp_nan)
/opt/homebrew/Cellar/avr-gcc@8/8.4.0_2/lib/avr-gcc/8/gcc/avr/8.4.0/../../../../../../avr/lib/avr5/libm.a(fp_pscA.o)
                              /opt/homebrew/Cellar/avr-gcc@8/8.4.0_2/lib/avr-gcc/8/gcc/avr/8.4.0/../../../../../../avr/lib/avr5/libm.a(mulsf3x.o) (__fp_pscA)
/opt/homebrew/Cellar/avr-gcc@8/8.4.0_2/lib/avr-gcc/8/gcc/avr/8.4.0/../../../../../../avr/lib/avr5/libm.a(fp_pscB.o)
                              /opt/homebrew/Cellar/avr-gcc@8/8.4.0_2/lib/avr-gcc/8/gcc/avr/8.4.0/../../../../../../avr/lib/avr5/libm.a(mulsf3x.o) (__fp_pscB)
/opt/homebrew/Cellar/avr-gcc@8/8.4.0_2/lib/avr-gcc/8/gcc/avr/8.4.0/../../../../../../avr/lib/avr5/libm.a(fp_round.o)
                              /opt/homebrew/Cellar/avr-gcc@8/8.4.0_2/lib/avr-gcc/8/gcc/avr/8.4.0/../../../../../../avr/lib/avr5/libm.a(mulsf3.o) (__fp_round)
/opt/homebrew/Cellar/avr-gcc@8/8.4.0_2/lib/avr-gcc/8/gcc/avr/8.4.0/avr5/libgcc.a(_mulsi3.o)
                              .build/obj_dz60_tomrobinsonio/quantum/backlight/backlight_avr.o (__mulsi3)
/opt/homebrew/Cellar/avr-gcc@8/8.4.0_2/lib/avr-gcc/8/gcc/avr/8.4.0/avr5/libgcc.a(_udivmodhi4.o)
                              .build/obj_dz60_tomrobinsonio/quantum/color.o (__udivmodhi4)
/opt/homebrew/Cellar/avr-gcc@8/8.4.0_2/lib/avr-gcc/8/gcc/avr/8.4.0/avr5/libgcc.a(_divmodhi4.o)
                              .build/obj_dz60_tomrobinsonio/quantum/mousekey.o (__divmodhi4)
/opt/homebrew/Cellar/avr-gcc@8/8.4.0_2/lib/avr-gcc/8/gcc/avr/8.4.0/avr5/libgcc.a(_udivmodsi4.o)
                              .build/obj_dz60_tomrobinsonio/quantum/quantum.o (__udivmodsi4)
/opt/homebrew/Cellar/avr-gcc@8/8.4.0_2/lib/avr-gcc/8/gcc/avr/8.4.0/avr5/libgcc.a(_exit.o)
                              /opt/homebrew/Cellar/avr-gcc@8/8.4.0_2/lib/avr-gcc/8/gcc/avr/8.4.0/../../../../../../avr/lib/avr5/crtatmega32u4.o (exit)
/opt/homebrew/Cellar/avr-gcc@8/8.4.0_2/lib/avr-gcc/8/gcc/avr/8.4.0/avr5/libgcc.a(_tablejump2.o)
                              .build/obj_dz60_tomrobinsonio/quantum/action.o (__tablejump2__)
/opt/homebrew/Cellar/avr-gcc@8/8.4.0_2/lib/avr-gcc/8/gcc/avr/8.4.0/avr5/libgcc.a(_copy_data.o)
                              .build/obj_dz60_tomrobinsonio/quantum/quantum.o (__do_copy_data)
/opt/homebrew/Cellar/avr-gcc@8/8.4.0_2/lib/avr-gcc/8/gcc/avr/8.4.0/avr5/libgcc.a(_clear_bss.o)
                              .build/obj_dz60_tomrobinsonio/quantum/quantum.o (__do_clear_bss)
/opt/homebrew/Cellar/avr-gcc@8/8.4.0_2/lib/avr-gcc/8/gcc/avr/8.4.0/avr5/libgcc.a(_mulhisi3.o)
                              .build/obj_dz60_tomrobinsonio/quantum/rgblight/rgblight.o (__mulhisi3)
/opt/homebrew/Cellar/avr-gcc@8/8.4.0_2/lib/avr-gcc/8/gcc/avr/8.4.0/avr5/libgcc.a(_umulhisi3.o)
                              .build/obj_dz60_tomrobinsonio/quantum/rgblight/rgblight.o (__umulhisi3)
/opt/homebrew/Cellar/avr-gcc@8/8.4.0_2/lib/avr-gcc/8/gcc/avr/8.4.0/avr5/libgcc.a(_usmulhisi3.o)
                              /opt/homebrew/Cellar/avr-gcc@8/8.4.0_2/lib/avr-gcc/8/gcc/avr/8.4.0/avr5/libgcc.a(_mulhisi3.o) (__usmulhisi3_tail)
/opt/homebrew/Cellar/avr-gcc@8/8.4.0_2/lib/avr-gcc/8/gcc/avr/8.4.0/avr5/libgcc.a(_muluhisi3.o)
[...]
Memory Configuration

Name             Origin             Length             Attributes
text             0x0000000000000000 0x0000000000020000 xr
data             0x0000000000800060 0x000000000000ffa0 rw !x
eeprom           0x0000000000810000 0x0000000000010000 rw !x
fuse             0x0000000000820000 0x0000000000000400 rw !x
lock             0x0000000000830000 0x0000000000000400 rw !x
signature        0x0000000000840000 0x0000000000000400 rw !x
user_signatures  0x0000000000850000 0x0000000000000400 rw !x
*default*        0x0000000000000000 0xffffffffffffffff

Linker script and memory map

Address of section .data set to 0x800100
LOAD /opt/homebrew/Cellar/avr-gcc@8/8.4.0_2/lib/avr-gcc/8/gcc/avr/8.4.0/../../../../../../avr/lib/avr5/crtatmega32u4.o
LOAD .build/obj_dz60_tomrobinsonio/keyboards/dz60/dz60.o
LOAD .build/obj_dz60_tomrobinsonio/.build/obj_dz60_tomrobinsonio/src/keymap.o
LOAD .build/obj_dz60_tomrobinsonio/quantum/quantum.o
LOAD .build/obj_dz60_tomrobinsonio/quantum/send_string.o
LOAD .build/obj_dz60_tomrobinsonio/quantum/bitwise.o
LOAD .build/obj_dz60_tomrobinsonio/quantum/led.o
LOAD .build/obj_dz60_tomrobinsonio/quantum/action.o
LOAD .build/obj_dz60_tomrobinsonio/quantum/action_layer.o
LOAD .build/obj_dz60_tomrobinsonio/quantum/action_macro.o
LOAD .build/obj_dz60_tomrobinsonio/quantum/action_tapping.o
LOAD .build/obj_dz60_tomrobinsonio/quantum/action_util.o
LOAD .build/obj_dz60_tomrobinsonio/quantum/eeconfig.o
LOAD .build/obj_dz60_tomrobinsonio/quantum/keyboard.o
LOAD .build/obj_dz60_tomrobinsonio/quantum/keymap_common.o
LOAD .build/obj_dz60_tomrobinsonio/quantum/keycode_config.o
LOAD .build/obj_dz60_tomrobinsonio/quantum/sync_timer.o
LOAD .build/obj_dz60_tomrobinsonio/quantum/logging/debug.o
LOAD .build/obj_dz60_tomrobinsonio/quantum/logging/sendchar.o
LOAD .build/obj_dz60_tomrobinsonio/quantum/bootmagic/bootmagic_lite.o
LOAD .build/obj_dz60_tomrobinsonio/quantum/bootmagic/magic.o
LOAD .build/obj_dz60_tomrobinsonio/quantum/matrix_common.o
LOAD .build/obj_dz60_tomrobinsonio/quantum/matrix.o
LOAD .build/obj_dz60_tomrobinsonio/quantum/debounce/sym_defer_g.o
LOAD .build/obj_dz60_tomrobinsonio/quantum/main.o
LOAD .build/obj_dz60_tomrobinsonio/quantum/mousekey.o
LOAD .build/obj_dz60_tomrobinsonio/quantum/color.o
LOAD .build/obj_dz60_tomrobinsonio/quantum/rgblight/rgblight.o
LOAD .build/obj_dz60_tomrobinsonio/quantum/process_keycode/process_rgb.o
LOAD .build/obj_dz60_tomrobinsonio/quantum/backlight/backlight.o
LOAD .build/obj_dz60_tomrobinsonio/quantum/process_keycode/process_backlight.o
LOAD .build/obj_dz60_tomrobinsonio/quantum/backlight/backlight_driver_common.o
LOAD .build/obj_dz60_tomrobinsonio/quantum/backlight/backlight_avr.o
LOAD .build/obj_dz60_tomrobinsonio/ws2812.o
LOAD .build/obj_dz60_tomrobinsonio/quantum/led_tables.o
LOAD .build/obj_dz60_tomrobinsonio/quantum/process_keycode/process_magic.o
LOAD .build/obj_dz60_tomrobinsonio/quantum/process_keycode/process_grave_esc.o
LOAD .build/obj_dz60_tomrobinsonio/quantum/process_keycode/process_space_cadet.o
LOAD .build/obj_dz60_tomrobinsonio/platforms/avr/xprintf.o
LOAD .build/obj_dz60_tomrobinsonio/platforms/avr/printf.o
LOAD .build/obj_dz60_tomrobinsonio/protocol/host.o
LOAD .build/obj_dz60_tomrobinsonio/protocol/report.o
LOAD .build/obj_dz60_tomrobinsonio/protocol/usb_device_state.o
LOAD .build/obj_dz60_tomrobinsonio/protocol/usb_util.o
LOAD .build/obj_dz60_tomrobinsonio/platforms/avr/platform.o
LOAD .build/obj_dz60_tomrobinsonio/platforms/avr/suspend.o
LOAD .build/obj_dz60_tomrobinsonio/platforms/avr/timer.o
LOAD .build/obj_dz60_tomrobinsonio/platforms/avr/bootloader.o
LOAD .build/obj_dz60_tomrobinsonio/lufa.o
LOAD .build/obj_dz60_tomrobinsonio/usb_descriptor.o
LOAD .build/obj_dz60_tomrobinsonio/lib/lufa/LUFA/Drivers/USB/Class/Common/HIDParser.o
LOAD .build/obj_dz60_tomrobinsonio/lib/lufa/LUFA/Drivers/USB/Core/AVR8/Device_AVR8.o
LOAD .build/obj_dz60_tomrobinsonio/lib/lufa/LUFA/Drivers/USB/Core/AVR8/EndpointStream_AVR8.o
LOAD .build/obj_dz60_tomrobinsonio/lib/lufa/LUFA/Drivers/USB/Core/AVR8/Endpoint_AVR8.o
LOAD .build/obj_dz60_tomrobinsonio/lib/lufa/LUFA/Drivers/USB/Core/AVR8/Host_AVR8.o
LOAD .build/obj_dz60_tomrobinsonio/lib/lufa/LUFA/Drivers/USB/Core/AVR8/PipeStream_AVR8.o
LOAD .build/obj_dz60_tomrobinsonio/lib/lufa/LUFA/Drivers/USB/Core/AVR8/Pipe_AVR8.o
LOAD .build/obj_dz60_tomrobinsonio/lib/lufa/LUFA/Drivers/USB/Core/AVR8/USBController_AVR8.o
LOAD .build/obj_dz60_tomrobinsonio/lib/lufa/LUFA/Drivers/USB/Core/AVR8/USBInterrupt_AVR8.o
LOAD .build/obj_dz60_tomrobinsonio/lib/lufa/LUFA/Drivers/USB/Core/ConfigDescriptors.o
LOAD .build/obj_dz60_tomrobinsonio/lib/lufa/LUFA/Drivers/USB/Core/DeviceStandardReq.o
LOAD .build/obj_dz60_tomrobinsonio/lib/lufa/LUFA/Drivers/USB/Core/Events.o
LOAD .build/obj_dz60_tomrobinsonio/lib/lufa/LUFA/Drivers/USB/Core/HostStandardReq.o
LOAD .build/obj_dz60_tomrobinsonio/lib/lufa/LUFA/Drivers/USB/Core/USBTask.o
LOAD .build/obj_dz60_tomrobinsonio/protocol/lufa/usb_util.o
LOAD /opt/homebrew/Cellar/avr-gcc@8/8.4.0_2/lib/avr-gcc/8/gcc/avr/8.4.0/../../../../../../avr/lib/avr5/libm.a
START GROUP
LOAD /opt/homebrew/Cellar/avr-gcc@8/8.4.0_2/lib/avr-gcc/8/gcc/avr/8.4.0/avr5/libgcc.a
LOAD /opt/homebrew/Cellar/avr-gcc@8/8.4.0_2/lib/avr-gcc/8/gcc/avr/8.4.0/../../../../../../avr/lib/avr5/libm.a
LOAD /opt/homebrew/Cellar/avr-gcc@8/8.4.0_2/lib/avr-gcc/8/gcc/avr/8.4.0/../../../../../../avr/lib/avr5/libc.a
LOAD /opt/homebrew/Cellar/avr-gcc@8/8.4.0_2/lib/avr-gcc/8/gcc/avr/8.4.0/../../../../../../avr/lib/avr5/libatmega32u4.a
END GROUP
                0x0000000000020000                __TEXT_REGION_LENGTH__ = DEFINED (__TEXT_REGION_LENGTH__)?__TEXT_REGION_LENGTH__:0x20000
                0x000000000000ffa0                __DATA_REGION_LENGTH__ = DEFINED (__DATA_REGION_LENGTH__)?__DATA_REGION_LENGTH__:0xffa0
                0x0000000000010000                __EEPROM_REGION_LENGTH__ = DEFINED (__EEPROM_REGION_LENGTH__)?__EEPROM_REGION_LENGTH__:0x10000
                0x0000000000000400                __FUSE_REGION_LENGTH__ = DEFINED (__FUSE_REGION_LENGTH__)?__FUSE_REGION_LENGTH__:0x400
                0x0000000000000400                __LOCK_REGION_LENGTH__ = DEFINED (__LOCK_REGION_LENGTH__)?__LOCK_REGION_LENGTH__:0x400
                0x0000000000000400                __SIGNATURE_REGION_LENGTH__ = DEFINED (__SIGNATURE_REGION_LENGTH__)?__SIGNATURE_REGION_LENGTH__:0x400
                0x0000000000000400                __USER_SIGNATURE_REGION_LENGTH__ = DEFINED (__USER_SIGNATURE_REGION_LENGTH__)?__USER_SIGNATURE_REGION_LENGTH__:0x400

.hash
 *(.hash)

.dynsym
 *(.dynsym)

.dynstr
 *(.dynstr)

.gnu.version
 *(.gnu.version)

.gnu.version_d
 *(.gnu.version_d)

.gnu.version_r
 *(.gnu.version_r)

.rel.init
 *(.rel.init)

.rela.init
 *(.rela.init)

.rel.text
 *(.rel.text)
 *(.rel.text.*)
 *(.rel.gnu.linkonce.t*)

.rela.text
 *(.rela.text)
 *(.rela.text.*)
 *(.rela.gnu.linkonce.t*)

.rel.fini
 *(.rel.fini)

.rela.fini
 *(.rela.fini)

.rel.rodata
 *(.rel.rodata)
 *(.rel.rodata.*)
 *(.rel.gnu.linkonce.r*)

.rela.rodata
 *(.rela.rodata)
 *(.rela.rodata.*)
 *(.rela.gnu.linkonce.r*)

.rel.data
 *(.rel.data)
 *(.rel.data.*)
 *(.rel.gnu.linkonce.d*)

.rela.data
 *(.rela.data)
 *(.rela.data.*)
 *(.rela.gnu.linkonce.d*)

.rel.ctors
 *(.rel.ctors)

.rela.ctors
 *(.rela.ctors)

.rel.dtors
 *(.rel.dtors)

.rela.dtors
 *(.rela.dtors)

.rel.got
 *(.rel.got)

.rela.got
 *(.rela.got)

.rel.bss
 *(.rel.bss)

.rela.bss
 *(.rela.bss)

.rel.plt
 *(.rel.plt)

.rela.plt
 *(.rela.plt)

.text           0x0000000000000000     0x56c0
 *(.vectors)
 .vectors       0x0000000000000000       0xac /opt/homebrew/Cellar/avr-gcc@8/8.4.0_2/lib/avr-gcc/8/gcc/avr/8.4.0/../../../../../../avr/lib/avr5/crtatmega32u4.o
                0x0000000000000000                __vectors
                0x0000000000000000                __vector_default
 *(.vectors)
 *(.progmem.gcc*)
                0x00000000000000ac                . = ALIGN (0x2)
                0x00000000000000ac                __trampolines_start = .
 *(.trampolines)
 .trampolines   0x00000000000000ac        0x0 linker stubs
 *(.trampolines*)
                0x00000000000000ac                __trampolines_end = .
 *libprintf_flt.a:*(.progmem.data)
 *libc.a:*(.progmem.data)
 *(.progmem.*)
 .progmem.data.keymaps
                0x00000000000000ac      0x12c .build/obj_dz60_tomrobinsonio/.build/obj_dz60_tomrobinsonio/src/keymap.o
                0x00000000000000ac                keymaps
 .progmem.data.fn_actions
                0x00000000000001d8        0x0 .build/obj_dz60_tomrobinsonio/quantum/keymap_common.o
                0x00000000000001d8                fn_actions
 .progmem.data.RGBLED_RGBTEST_INTERVALS
                0x00000000000001d8        0x2 .build/obj_dz60_tomrobinsonio/quantum/rgblight/rgblight.o
                0x00000000000001d8                RGBLED_RGBTEST_INTERVALS
 .progmem.data.RGBLED_KNIGHT_INTERVALS
                0x00000000000001da        0x3 .build/obj_dz60_tomrobinsonio/quantum/rgblight/rgblight.o
                0x00000000000001da                RGBLED_KNIGHT_INTERVALS
 .progmem.data.RGBLED_SNAKE_INTERVALS
                0x00000000000001dd        0x3 .build/obj_dz60_tomrobinsonio/quantum/rgblight/rgblight.o
                0x00000000000001dd                RGBLED_SNAKE_INTERVALS
 .progmem.data.RGBLED_RAINBOW_SWIRL_INTERVALS
                0x00000000000001e0        0x3 .build/obj_dz60_tomrobinsonio/quantum/rgblight/rgblight.o
                0x00000000000001e0                RGBLED_RAINBOW_SWIRL_INTERVALS
 .progmem.data.RGBLED_RAINBOW_MOOD_INTERVALS
                0x00000000000001e3        0x3 .build/obj_dz60_tomrobinsonio/quantum/rgblight/rgblight.o
                0x00000000000001e3                RGBLED_RAINBOW_MOOD_INTERVALS
 .progmem.data.RGBLED_BREATHING_INTERVALS
                0x00000000000001e6        0x4 .build/obj_dz60_tomrobinsonio/quantum/rgblight/rgblight.o
                0x00000000000001e6                RGBLED_BREATHING_INTERVALS
 .progmem.data.rgblight_effect_breathe_table
                0x00000000000001ea      0x100 .build/obj_dz60_tomrobinsonio/quantum/rgblight/rgblight.o
                0x00000000000001ea                rgblight_effect_breathe_table
 .progmem.data.RGBLED_GRADIENT_RANGES
                0x00000000000002ea        0x5 .build/obj_dz60_tomrobinsonio/quantum/rgblight/rgblight.o
                0x00000000000002ea                RGBLED_GRADIENT_RANGES
 .progmem.data.CIE1931_CURVE
                0x00000000000002ef      0x100 .build/obj_dz60_tomrobinsonio/quantum/led_tables.o
                0x00000000000002ef                CIE1931_CURVE
 .progmem.data.ProductString
                0x00000000000003ef        0xc .build/obj_dz60_tomrobinsonio/usb_descriptor.o
                0x00000000000003ef                ProductString
 .progmem.data.ManufacturerString
                0x00000000000003fb       0x12 .build/obj_dz60_tomrobinsonio/usb_descriptor.o
                0x00000000000003fb                ManufacturerString
 .progmem.data.LanguageString
                0x000000000000040d        0x4 .build/obj_dz60_tomrobinsonio/usb_descriptor.o
                0x000000000000040d                LanguageString
 .progmem.data.ConfigurationDescriptor
                0x0000000000000411       0x3b .build/obj_dz60_tomrobinsonio/usb_descriptor.o
                0x0000000000000411                ConfigurationDescriptor
 .progmem.data.DeviceDescriptor
                0x000000000000044c       0x12 .build/obj_dz60_tomrobinsonio/usb_descriptor.o
                0x000000000000044c                DeviceDescriptor
 .progmem.data.SharedReport
                0x000000000000045e       0xb6 .build/obj_dz60_tomrobinsonio/usb_descriptor.o
                0x000000000000045e                SharedReport
 .progmem.data.KeyboardReport
                0x0000000000000514       0x40 .build/obj_dz60_tomrobinsonio/usb_descriptor.o
                0x0000000000000514                KeyboardReport
                0x0000000000000554                . = ALIGN (0x2)
 *(.lowtext)
 *(.lowtext*)
                0x0000000000000554                __ctors_start = .
 *(.ctors)
                0x0000000000000554                __ctors_end = .
                0x0000000000000554                __dtors_start = .
 *(.dtors)
                0x0000000000000554                __dtors_end = .
 SORT_BY_NAME(*)(.ctors)
 SORT_BY_NAME(*)(.dtors)
 *(.init0)
 .init0         0x0000000000000554        0x0 /opt/homebrew/Cellar/avr-gcc@8/8.4.0_2/lib/avr-gcc/8/gcc/avr/8.4.0/../../../../../../avr/lib/avr5/crtatmega32u4.o
                0x0000000000000554                __init
 *(.init0)
 *(.init1)
 *(.init1)
 *(.init2)
 .init2         0x0000000000000554        0xc /opt/homebrew/Cellar/avr-gcc@8/8.4.0_2/lib/avr-gcc/8/gcc/avr/8.4.0/../../../../../../avr/lib/avr5/crtatmega32u4.o
 *(.init2)
 *(.init3)
 .init3         0x0000000000000560       0x54 .build/obj_dz60_tomrobinsonio/platforms/avr/bootloader.o
                0x0000000000000560                bootloader_jump_after_watchdog_reset
 *(.init3)
 *(.init4)
 .init4         0x00000000000005b4       0x16 /opt/homebrew/Cellar/avr-gcc@8/8.4.0_2/lib/avr-gcc/8/gcc/avr/8.4.0/avr5/libgcc.a(_copy_data.o)
                0x00000000000005b4                __do_copy_data
 .init4         0x00000000000005ca       0x10 /opt/homebrew/Cellar/avr-gcc@8/8.4.0_2/lib/avr-gcc/8/gcc/avr/8.4.0/avr5/libgcc.a(_clear_bss.o)
                0x00000000000005ca                __do_clear_bss
 *(.init4)
 *(.init5)
 *(.init5)
 *(.init6)
 *(.init6)
 *(.init7)
 *(.init7)
 *(.init8)
 *(.init8)
 *(.init9)
 .init9         0x00000000000005da        0x8 /opt/homebrew/Cellar/avr-gcc@8/8.4.0_2/lib/avr-gcc/8/gcc/avr/8.4.0/../../../../../../avr/lib/avr5/crtatmega32u4.o
 *(.init9)
 *(.text)
 .text          0x00000000000005e2        0x4 /opt/homebrew/Cellar/avr-gcc@8/8.4.0_2/lib/avr-gcc/8/gcc/avr/8.4.0/../../../../../../avr/lib/avr5/crtatmega32u4.o
                0x00000000000005e2                __vector_42
                0x00000000000005e2                __vector_22
                0x00000000000005e2                __vector_28
                0x00000000000005e2                __vector_1
                0x00000000000005e2                __vector_32
                0x00000000000005e2                __vector_34
                0x00000000000005e2                __vector_24
                0x00000000000005e2                __bad_interrupt
                0x00000000000005e2                __vector_6
                0x00000000000005e2                __vector_31
                0x00000000000005e2                __vector_35
                0x00000000000005e2                __vector_39
                0x00000000000005e2                __vector_3
                0x00000000000005e2                __vector_23
                0x00000000000005e2                __vector_30
                0x00000000000005e2                __vector_25
                0x00000000000005e2                __vector_13
                0x00000000000005e2                __vector_17
                0x00000000000005e2                __vector_19
                0x00000000000005e2                __vector_7
                0x00000000000005e2                __vector_41
                0x00000000000005e2                __vector_27
                0x00000000000005e2                __vector_5
                0x00000000000005e2                __vector_33
                0x00000000000005e2                __vector_37
                0x00000000000005e2                __vector_4
                0x00000000000005e2                __vector_9
                0x00000000000005e2                __vector_2
                0x00000000000005e2                __vector_15
                0x00000000000005e2                __vector_36
                0x00000000000005e2                __vector_29
                0x00000000000005e2                __vector_40
                0x00000000000005e2                __vector_8
                0x00000000000005e2                __vector_26
                0x00000000000005e2                __vector_14
                0x00000000000005e2                __vector_16
                0x00000000000005e2                __vector_18
                0x00000000000005e2                __vector_20
                0x00000000000005e2                __vector_38
                0x00000000000005e6                . = ALIGN (0x2)
 *(.text.*)
 .text.process_action_kb
                0x00000000000005e6        0x4 .build/obj_dz60_tomrobinsonio/quantum/quantum.o
                0x00000000000005e6                process_action_kb
 .text.process_record_user
                0x00000000000005ea        0x4 .build/obj_dz60_tomrobinsonio/quantum/quantum.o
                0x00000000000005ea                process_record_user
 .text.process_record_kb
                0x00000000000005ee        0x4 .build/obj_dz60_tomrobinsonio/quantum/quantum.o
                0x00000000000005ee                process_record_kb
 .text.post_process_record_user
                0x00000000000005f2        0x2 .build/obj_dz60_tomrobinsonio/quantum/quantum.o
                0x00000000000005f2                post_process_record_user
 .text.post_process_record_kb
                0x00000000000005f4        0x4 .build/obj_dz60_tomrobinsonio/quantum/quantum.o
                0x00000000000005f4                post_process_record_kb
 .text.get_event_keycode
                0x00000000000005f8       0x66 .build/obj_dz60_tomrobinsonio/quantum/quantum.o
                0x00000000000005f8                get_event_keycode
 .text.get_record_keycode
                0x000000000000065e       0x12 .build/obj_dz60_tomrobinsonio/quantum/quantum.o
                0x000000000000065e                get_record_keycode
 .text.pre_process_record_quantum
                0x0000000000000670        0x4 .build/obj_dz60_tomrobinsonio/quantum/quantum.o
                0x0000000000000670                pre_process_record_quantum
 .text.post_process_record_quantum
                0x0000000000000674       0x16 .build/obj_dz60_tomrobinsonio/quantum/quantum.o
                0x0000000000000674                post_process_record_quantum
 .text.matrix_init_quantum
                0x000000000000068a       0x10 .build/obj_dz60_tomrobinsonio/quantum/quantum.o
                0x000000000000068a                matrix_init_quantum
 .text.matrix_scan_quantum
                0x000000000000069a        0x4 .build/obj_dz60_tomrobinsonio/quantum/quantum.o
                0x000000000000069a                matrix_scan_quantum
 .text.suspend_power_down_quantum
                0x000000000000069e       0x10 .build/obj_dz60_tomrobinsonio/quantum/quantum.o
                0x000000000000069e                suspend_power_down_quantum
 .text.suspend_wakeup_init_user
                0x00000000000006ae        0x2 .build/obj_dz60_tomrobinsonio/quantum/quantum.o
                0x00000000000006ae                suspend_wakeup_init_user
 .text.shutdown_user
                0x00000000000006b0        0x2 .build/obj_dz60_tomrobinsonio/quantum/quantum.o
                0x00000000000006b0                shutdown_user
 .text.reset_keyboard
                0x00000000000006b2       0x1e .build/obj_dz60_tomrobinsonio/quantum/quantum.o
                0x00000000000006b2                reset_keyboard
 .text.process_record_quantum
                0x00000000000006d0       0xbe .build/obj_dz60_tomrobinsonio/quantum/quantum.o
                0x00000000000006d0                process_record_quantum
 .text.suspend_wakeup_init_kb
                0x000000000000078e        0x4 .build/obj_dz60_tomrobinsonio/quantum/quantum.o
                0x000000000000078e                suspend_wakeup_init_kb
 .text.suspend_wakeup_init_quantum
                0x0000000000000792       0x14 .build/obj_dz60_tomrobinsonio/quantum/quantum.o
                0x0000000000000792                suspend_wakeup_init_quantum
 .text.led_set_user
                0x00000000000007a6        0x2 .build/obj_dz60_tomrobinsonio/quantum/led.o
                0x00000000000007a6                led_set_user
 .text.led_set_kb
                0x00000000000007a8        0x4 .build/obj_dz60_tomrobinsonio/quantum/led.o
                0x00000000000007a8                led_set_kb
 .text.led_update_user
                0x00000000000007ac        0x4 .build/obj_dz60_tomrobinsonio/quantum/led.o
                0x00000000000007ac                led_update_user
 .text.led_update_kb
                0x00000000000007b0       0x1a .build/obj_dz60_tomrobinsonio/quantum/led.o
                0x00000000000007b0                led_update_kb
 .text.led_init_ports
                0x00000000000007ca        0x6 .build/obj_dz60_tomrobinsonio/quantum/led.o
                0x00000000000007ca                led_init_ports
 .text.led_set  0x00000000000007d0       0x10 .build/obj_dz60_tomrobinsonio/quantum/led.o
                0x00000000000007d0                led_set
 .text.action_exec
                0x00000000000007e0       0x7c .build/obj_dz60_tomrobinsonio/quantum/action.o
                0x00000000000007e0                action_exec
 .text.process_record_tap_hint
                0x000000000000085c        0xa .build/obj_dz60_tomrobinsonio/quantum/action.o
                0x000000000000085c                process_record_tap_hint
 .text.register_code
                0x0000000000000866      0x124 .build/obj_dz60_tomrobinsonio/quantum/action.o
                0x0000000000000866                register_code
 .text.unregister_code
                0x000000000000098a       0xac .build/obj_dz60_tomrobinsonio/quantum/action.o
                0x000000000000098a                unregister_code
 .text.tap_code_delay
                0x0000000000000a36       0x2e .build/obj_dz60_tomrobinsonio/quantum/action.o
                0x0000000000000a36                tap_code_delay
 .text.tap_code
                0x0000000000000a64       0x10 .build/obj_dz60_tomrobinsonio/quantum/action.o
                0x0000000000000a64                tap_code
 .text.register_mods
                0x0000000000000a74        0xe .build/obj_dz60_tomrobinsonio/quantum/action.o
                0x0000000000000a74                register_mods
 .text.unregister_mods
                0x0000000000000a82        0xe .build/obj_dz60_tomrobinsonio/quantum/action.o
                0x0000000000000a82                unregister_mods
 .text.process_action
                0x0000000000000a90      0x464 .build/obj_dz60_tomrobinsonio/quantum/action.o
                0x0000000000000a90                process_action
 .text.process_record_handler
                0x0000000000000ef4       0x2e .build/obj_dz60_tomrobinsonio/quantum/action.o
                0x0000000000000ef4                process_record_handler
 .text.process_record
                0x0000000000000f22       0x58 .build/obj_dz60_tomrobinsonio/quantum/action.o
                0x0000000000000f22                process_record
 .text.clear_keyboard_but_mods_and_keys
                0x0000000000000f7a       0x24 .build/obj_dz60_tomrobinsonio/quantum/action.o
                0x0000000000000f7a                clear_keyboard_but_mods_and_keys
 .text.clear_keyboard_but_mods
                0x0000000000000f9e        0x8 .build/obj_dz60_tomrobinsonio/quantum/action.o
                0x0000000000000f9e                clear_keyboard_but_mods
 .text.clear_keyboard
                0x0000000000000fa6        0x8 .build/obj_dz60_tomrobinsonio/quantum/action.o
                0x0000000000000fa6                clear_keyboard
 .text.is_tap_action
                0x0000000000000fae       0x3e .build/obj_dz60_tomrobinsonio/quantum/action.o
                0x0000000000000fae                is_tap_action
 .text.is_tap_record
                0x0000000000000fec        0xe .build/obj_dz60_tomrobinsonio/quantum/action.o
                0x0000000000000fec                is_tap_record
 .text.debug_event
                0x0000000000000ffa       0x1e .build/obj_dz60_tomrobinsonio/quantum/action.o
                0x0000000000000ffa                debug_event
 .text.debug_record
                0x0000000000001018       0x20 .build/obj_dz60_tomrobinsonio/quantum/action.o
                0x0000000000001018                debug_record
 .text.default_layer_state_set_user
                0x0000000000001038        0x2 .build/obj_dz60_tomrobinsonio/quantum/action_layer.o
                0x0000000000001038                default_layer_state_set_user
 .text.default_layer_state_set_kb
                0x000000000000103a        0x4 .build/obj_dz60_tomrobinsonio/quantum/action_layer.o
                0x000000000000103a                default_layer_state_set_kb
 .text.default_layer_state_set
                0x000000000000103e       0x18 .build/obj_dz60_tomrobinsonio/quantum/action_layer.o
 .text.default_layer_debug
                0x0000000000001056        0x2 .build/obj_dz60_tomrobinsonio/quantum/action_layer.o
                0x0000000000001056                default_layer_debug
 .text.default_layer_set
                0x0000000000001058        0x4 .build/obj_dz60_tomrobinsonio/quantum/action_layer.o
                0x0000000000001058                default_layer_set
 .text.default_layer_or
                0x000000000000105c       0x24 .build/obj_dz60_tomrobinsonio/quantum/action_layer.o
                0x000000000000105c                default_layer_or
 .text.default_layer_and
                0x0000000000001080       0x24 .build/obj_dz60_tomrobinsonio/quantum/action_layer.o
                0x0000000000001080                default_layer_and
 .text.default_layer_xor
                0x00000000000010a4       0x24 .build/obj_dz60_tomrobinsonio/quantum/action_layer.o
                0x00000000000010a4                default_layer_xor
 .text.layer_state_set_user
                0x00000000000010c8        0x4 .build/obj_dz60_tomrobinsonio/quantum/action_layer.o
                0x00000000000010c8                layer_state_set_user
 .text.layer_state_set_kb
                0x00000000000010cc        0x4 .build/obj_dz60_tomrobinsonio/quantum/action_layer.o
                0x00000000000010cc                layer_state_set_kb
 .text.layer_state_set
                0x00000000000010d0       0x18 .build/obj_dz60_tomrobinsonio/quantum/action_layer.o
                0x00000000000010d0                layer_state_set
 .text.layer_clear
                0x00000000000010e8        0xa .build/obj_dz60_tomrobinsonio/quantum/action_layer.o
                0x00000000000010e8                layer_clear
 .text.layer_move
                0x00000000000010f2       0x2a .build/obj_dz60_tomrobinsonio/quantum/action_layer.o
                0x00000000000010f2                layer_move
 .text.layer_on
                0x000000000000111c       0x42 .build/obj_dz60_tomrobinsonio/quantum/action_layer.o
                0x000000000000111c                layer_on
 .text.layer_off
                0x000000000000115e       0x46 .build/obj_dz60_tomrobinsonio/quantum/action_layer.o
                0x000000000000115e                layer_off
 .text.layer_invert
                0x00000000000011a4       0x42 .build/obj_dz60_tomrobinsonio/quantum/action_layer.o
                0x00000000000011a4                layer_invert
 .text.layer_or
                0x00000000000011e6       0x24 .build/obj_dz60_tomrobinsonio/quantum/action_layer.o
                0x00000000000011e6                layer_or
 .text.layer_and
                0x000000000000120a       0x24 .build/obj_dz60_tomrobinsonio/quantum/action_layer.o
                0x000000000000120a                layer_and
 .text.layer_xor
                0x000000000000122e       0x24 .build/obj_dz60_tomrobinsonio/quantum/action_layer.o
                0x000000000000122e                layer_xor
 .text.layer_debug
                0x0000000000001252        0x2 .build/obj_dz60_tomrobinsonio/quantum/action_layer.o
                0x0000000000001252                layer_debug
 .text.update_source_layers_cache
                0x0000000000001254       0x58 .build/obj_dz60_tomrobinsonio/quantum/action_layer.o
                0x0000000000001254                update_source_layers_cache
 .text.read_source_layers_cache
                0x00000000000012ac       0x50 .build/obj_dz60_tomrobinsonio/quantum/action_layer.o
                0x00000000000012ac                read_source_layers_cache
 .text.layer_switch_get_layer
                0x00000000000012fc       0x84 .build/obj_dz60_tomrobinsonio/quantum/action_layer.o
                0x00000000000012fc                layer_switch_get_layer
 .text.layer_switch_get_action
                0x0000000000001380       0x14 .build/obj_dz60_tomrobinsonio/quantum/action_layer.o
                0x0000000000001380                layer_switch_get_action
 .text.store_or_get_action
                0x0000000000001394       0x48 .build/obj_dz60_tomrobinsonio/quantum/action_layer.o
                0x0000000000001394                store_or_get_action
 .text.action_macro_play
                0x00000000000013dc       0xf0 .build/obj_dz60_tomrobinsonio/quantum/action_macro.o
                0x00000000000013dc                action_macro_play
 .text.debug_waiting_buffer
                0x00000000000014cc       0x42 .build/obj_dz60_tomrobinsonio/quantum/action_tapping.o
 .text.debug_tapping_key
                0x000000000000150e       0x1c .build/obj_dz60_tomrobinsonio/quantum/action_tapping.o
 .text.waiting_buffer_scan_tap
                0x000000000000152a       0xc2 .build/obj_dz60_tomrobinsonio/quantum/action_tapping.o
 .text.process_tapping
                0x00000000000015ec      0x348 .build/obj_dz60_tomrobinsonio/quantum/action_tapping.o
 .text.action_tapping_process
                0x0000000000001934      0x134 .build/obj_dz60_tomrobinsonio/quantum/action_tapping.o
                0x0000000000001934                action_tapping_process
 .text.add_key  0x0000000000001a68        0xe .build/obj_dz60_tomrobinsonio/quantum/action_util.o
                0x0000000000001a68                add_key
 .text.del_key  0x0000000000001a76        0xe .build/obj_dz60_tomrobinsonio/quantum/action_util.o
                0x0000000000001a76                del_key
 .text.clear_keys
                0x0000000000001a84        0xc .build/obj_dz60_tomrobinsonio/quantum/action_util.o
                0x0000000000001a84                clear_keys
 .text.get_oneshot_layer
                0x0000000000001a90        0xc .build/obj_dz60_tomrobinsonio/quantum/action_util.o
                0x0000000000001a90                get_oneshot_layer
 .text.get_oneshot_layer_state
                0x0000000000001a9c        0x8 .build/obj_dz60_tomrobinsonio/quantum/action_util.o
                0x0000000000001a9c                get_oneshot_layer_state
 .text.is_oneshot_layer_active
                0x0000000000001aa4        0xe .build/obj_dz60_tomrobinsonio/quantum/action_util.o
                0x0000000000001aa4                is_oneshot_layer_active
 .text.get_mods
                0x0000000000001ab2        0x6 .build/obj_dz60_tomrobinsonio/quantum/action_util.o
                0x0000000000001ab2                get_mods
 .text.add_mods
                0x0000000000001ab8        0xc .build/obj_dz60_tomrobinsonio/quantum/action_util.o
                0x0000000000001ab8                add_mods
 .text.del_mods
                0x0000000000001ac4        0xe .build/obj_dz60_tomrobinsonio/quantum/action_util.o
                0x0000000000001ac4                del_mods
 .text.clear_mods
                0x0000000000001ad2        0x6 .build/obj_dz60_tomrobinsonio/quantum/action_util.o
                0x0000000000001ad2                clear_mods
 .text.add_weak_mods
                0x0000000000001ad8        0xc .build/obj_dz60_tomrobinsonio/quantum/action_util.o
                0x0000000000001ad8                add_weak_mods
 .text.del_weak_mods
                0x0000000000001ae4        0xe .build/obj_dz60_tomrobinsonio/quantum/action_util.o
                0x0000000000001ae4                del_weak_mods
 .text.clear_weak_mods
                0x0000000000001af2        0x6 .build/obj_dz60_tomrobinsonio/quantum/action_util.o
                0x0000000000001af2                clear_weak_mods
 .text.add_macro_mods
                0x0000000000001af8        0xc .build/obj_dz60_tomrobinsonio/quantum/action_util.o
                0x0000000000001af8                add_macro_mods
 .text.del_macro_mods
                0x0000000000001b04        0xe .build/obj_dz60_tomrobinsonio/quantum/action_util.o
                0x0000000000001b04                del_macro_mods
 .text.clear_macro_mods
                0x0000000000001b12        0x6 .build/obj_dz60_tomrobinsonio/quantum/action_util.o
                0x0000000000001b12                clear_macro_mods
 .text.get_oneshot_mods
                0x0000000000001b18        0x6 .build/obj_dz60_tomrobinsonio/quantum/action_util.o
                0x0000000000001b18                get_oneshot_mods
 .text.oneshot_mods_changed_user
                0x0000000000001b1e        0x2 .build/obj_dz60_tomrobinsonio/quantum/action_util.o
                0x0000000000001b1e                oneshot_mods_changed_user
 .text.oneshot_mods_changed_kb
                0x0000000000001b20        0x4 .build/obj_dz60_tomrobinsonio/quantum/action_util.o
                0x0000000000001b20                oneshot_mods_changed_kb
 .text.set_oneshot_mods
                0x0000000000001b24       0x1a .build/obj_dz60_tomrobinsonio/quantum/action_util.o
                0x0000000000001b24                set_oneshot_mods
 .text.clear_oneshot_mods
                0x0000000000001b3e       0x14 .build/obj_dz60_tomrobinsonio/quantum/action_util.o
                0x0000000000001b3e                clear_oneshot_mods
 .text.send_keyboard_report
                0x0000000000001b52       0x66 .build/obj_dz60_tomrobinsonio/quantum/action_util.o
                0x0000000000001b52                send_keyboard_report
 .text.oneshot_layer_changed_user
                0x0000000000001bb8        0x2 .build/obj_dz60_tomrobinsonio/quantum/action_util.o
                0x0000000000001bb8                oneshot_layer_changed_user
 .text.oneshot_layer_changed_kb
                0x0000000000001bba        0x4 .build/obj_dz60_tomrobinsonio/quantum/action_util.o
                0x0000000000001bba                oneshot_layer_changed_kb
 .text.set_oneshot_layer
                0x0000000000001bbe       0x2c .build/obj_dz60_tomrobinsonio/quantum/action_util.o
                0x0000000000001bbe                set_oneshot_layer
 .text.reset_oneshot_layer
                0x0000000000001bea        0xa .build/obj_dz60_tomrobinsonio/quantum/action_util.o
                0x0000000000001bea                reset_oneshot_layer
 .text.clear_oneshot_layer_state
                0x0000000000001bf4       0x38 .build/obj_dz60_tomrobinsonio/quantum/action_util.o
                0x0000000000001bf4                clear_oneshot_layer_state
 .text.oneshot_set
                0x0000000000001c2c       0x2a .build/obj_dz60_tomrobinsonio/quantum/action_util.o
                0x0000000000001c2c                oneshot_set
 .text.oneshot_toggle
                0x0000000000001c56       0x12 .build/obj_dz60_tomrobinsonio/quantum/action_util.o
                0x0000000000001c56                oneshot_toggle
 .text.oneshot_enable
                0x0000000000001c68        0x6 .build/obj_dz60_tomrobinsonio/quantum/action_util.o
                0x0000000000001c68                oneshot_enable
 .text.oneshot_disable
                0x0000000000001c6e        0x6 .build/obj_dz60_tomrobinsonio/quantum/action_util.o
                0x0000000000001c6e                oneshot_disable
 .text.eeconfig_disable
                0x0000000000001c74        0xc .build/obj_dz60_tomrobinsonio/quantum/eeconfig.o
                0x0000000000001c74                eeconfig_disable
 .text.eeconfig_is_enabled
                0x0000000000001c80       0x16 .build/obj_dz60_tomrobinsonio/quantum/eeconfig.o
                0x0000000000001c80                eeconfig_is_enabled
 .text.eeconfig_read_debug
                0x0000000000001c96        0x8 .build/obj_dz60_tomrobinsonio/quantum/eeconfig.o
                0x0000000000001c96                eeconfig_read_debug
 .text.eeconfig_read_default_layer
                0x0000000000001c9e        0x8 .build/obj_dz60_tomrobinsonio/quantum/eeconfig.o
                0x0000000000001c9e                eeconfig_read_default_layer
 .text.eeconfig_read_keymap
                0x0000000000001ca6       0x1c .build/obj_dz60_tomrobinsonio/quantum/eeconfig.o
                0x0000000000001ca6                eeconfig_read_keymap
 .text.eeconfig_update_keymap
                0x0000000000001cc2       0x1a .build/obj_dz60_tomrobinsonio/quantum/eeconfig.o
                0x0000000000001cc2                eeconfig_update_keymap
 .text.eeconfig_update_kb
                0x0000000000001cdc        0xc .build/obj_dz60_tomrobinsonio/quantum/eeconfig.o
                0x0000000000001cdc                eeconfig_update_kb
 .text.eeconfig_update_user
                0x0000000000001ce8        0xc .build/obj_dz60_tomrobinsonio/quantum/eeconfig.o
                0x0000000000001ce8                eeconfig_update_user
 .text.eeconfig_init_user
                0x0000000000001cf4        0xa .build/obj_dz60_tomrobinsonio/quantum/eeconfig.o
                0x0000000000001cf4                eeconfig_init_user
 .text.eeconfig_init_kb
                0x0000000000001cfe        0xe .build/obj_dz60_tomrobinsonio/quantum/eeconfig.o
                0x0000000000001cfe                eeconfig_init_kb
 .text.eeconfig_init_quantum
                0x0000000000001d0c       0xbe .build/obj_dz60_tomrobinsonio/quantum/eeconfig.o
                0x0000000000001d0c                eeconfig_init_quantum
 .text.eeconfig_init
                0x0000000000001dca        0x4 .build/obj_dz60_tomrobinsonio/quantum/eeconfig.o
                0x0000000000001dca                eeconfig_init
 .text.eeconfig_update_handedness
                0x0000000000001dce        0xa .build/obj_dz60_tomrobinsonio/quantum/eeconfig.o
                0x0000000000001dce                eeconfig_update_handedness
 .text.last_matrix_activity_trigger
                0x0000000000001dd8       0x26 .build/obj_dz60_tomrobinsonio/quantum/keyboard.o
                0x0000000000001dd8                last_matrix_activity_trigger
 .text.disable_jtag
                0x0000000000001dfe        0xe .build/obj_dz60_tomrobinsonio/quantum/keyboard.o
                0x0000000000001dfe                disable_jtag
 .text.keyboard_pre_init_user
                0x0000000000001e0c        0x2 .build/obj_dz60_tomrobinsonio/quantum/keyboard.o
                0x0000000000001e0c                keyboard_pre_init_user
 .text.matrix_setup
                0x0000000000001e0e        0x2 .build/obj_dz60_tomrobinsonio/quantum/keyboard.o
                0x0000000000001e0e                matrix_setup
 .text.keyboard_pre_init_kb
                0x0000000000001e10        0x4 .build/obj_dz60_tomrobinsonio/quantum/keyboard.o
                0x0000000000001e10                keyboard_pre_init_kb
 .text.keyboard_post_init_user
                0x0000000000001e14        0x2 .build/obj_dz60_tomrobinsonio/quantum/keyboard.o
                0x0000000000001e14                keyboard_post_init_user
 .text.keyboard_post_init_kb
                0x0000000000001e16        0x4 .build/obj_dz60_tomrobinsonio/quantum/keyboard.o
                0x0000000000001e16                keyboard_post_init_kb
 .text.keyboard_setup
                0x0000000000001e1a       0x14 .build/obj_dz60_tomrobinsonio/quantum/keyboard.o
                0x0000000000001e1a                keyboard_setup
 .text.is_keyboard_master
                0x0000000000001e2e        0x4 .build/obj_dz60_tomrobinsonio/quantum/keyboard.o
                0x0000000000001e2e                is_keyboard_master
 .text.should_process_keypress
                0x0000000000001e32        0x4 .build/obj_dz60_tomrobinsonio/quantum/keyboard.o
                0x0000000000001e32                should_process_keypress
 .text.housekeeping_task_kb
                0x0000000000001e36        0x2 .build/obj_dz60_tomrobinsonio/quantum/keyboard.o
                0x0000000000001e36                housekeeping_task_kb
 .text.housekeeping_task_user
                0x0000000000001e38        0x2 .build/obj_dz60_tomrobinsonio/quantum/keyboard.o
                0x0000000000001e38                housekeeping_task_user
 .text.housekeeping_task
                0x0000000000001e3a        0x8 .build/obj_dz60_tomrobinsonio/quantum/keyboard.o
                0x0000000000001e3a                housekeeping_task
 .text.keyboard_init
                0x0000000000001e42       0x14 .build/obj_dz60_tomrobinsonio/quantum/keyboard.o
                0x0000000000001e42                keyboard_init
 .text.keyboard_task
                0x0000000000001e56      0x16c .build/obj_dz60_tomrobinsonio/quantum/keyboard.o
                0x0000000000001e56                keyboard_task
 .text.action_get_macro
                0x0000000000001fc2        0x6 .build/obj_dz60_tomrobinsonio/quantum/keymap_common.o
                0x0000000000001fc2                action_get_macro
 .text.action_function
                0x0000000000001fc8        0x2 .build/obj_dz60_tomrobinsonio/quantum/keymap_common.o
                0x0000000000001fc8                action_function
 .text.keymap_key_to_keycode
                0x0000000000001fca       0x28 .build/obj_dz60_tomrobinsonio/quantum/keymap_common.o
                0x0000000000001fca                keymap_key_to_keycode
 .text.keymap_function_id_to_action
                0x0000000000001ff2       0x10 .build/obj_dz60_tomrobinsonio/quantum/keymap_common.o
                0x0000000000001ff2                keymap_function_id_to_action
 .text.action_for_keycode
                0x0000000000002002      0x226 .build/obj_dz60_tomrobinsonio/quantum/keymap_common.o
                0x0000000000002002                action_for_keycode
 .text.action_for_key
                0x0000000000002228        0x8 .build/obj_dz60_tomrobinsonio/quantum/keymap_common.o
                0x0000000000002228                action_for_key
 .text.keycode_config
                0x0000000000002230      0x12e .build/obj_dz60_tomrobinsonio/quantum/keycode_config.o
                0x0000000000002230                keycode_config
 .text.mod_config
                0x000000000000235e       0x86 .build/obj_dz60_tomrobinsonio/quantum/keycode_config.o
                0x000000000000235e                mod_config
 .text.sendchar
                0x00000000000023e4        0x4 .build/obj_dz60_tomrobinsonio/quantum/logging/sendchar.o
                0x00000000000023e4                sendchar
 .text.bootmagic_lite_reset_eeprom
                0x00000000000023e8        0x4 .build/obj_dz60_tomrobinsonio/quantum/bootmagic/bootmagic_lite.o
                0x00000000000023e8                bootmagic_lite_reset_eeprom
 .text.bootmagic_lite
                0x00000000000023ec       0x28 .build/obj_dz60_tomrobinsonio/quantum/bootmagic/bootmagic_lite.o
                0x00000000000023ec                bootmagic_lite
 .text.bootmagic
                0x0000000000002414        0x4 .build/obj_dz60_tomrobinsonio/quantum/bootmagic/bootmagic_lite.o
                0x0000000000002414                bootmagic
 .text.magic    0x0000000000002418       0x48 .build/obj_dz60_tomrobinsonio/quantum/bootmagic/magic.o
                0x0000000000002418                magic
 .text.matrix_init_user
                0x0000000000002460        0x2 .build/obj_dz60_tomrobinsonio/quantum/matrix_common.o
                0x0000000000002460                matrix_init_user
 .text.matrix_init_kb
                0x0000000000002462        0x4 .build/obj_dz60_tomrobinsonio/quantum/matrix_common.o
                0x0000000000002462                matrix_init_kb
 .text.matrix_scan_user
                0x0000000000002466        0x2 .build/obj_dz60_tomrobinsonio/quantum/matrix_common.o
                0x0000000000002466                matrix_scan_user
 .text.matrix_scan_kb
                0x0000000000002468        0x4 .build/obj_dz60_tomrobinsonio/quantum/matrix_common.o
                0x0000000000002468                matrix_scan_kb
 .text.matrix_get_row
                0x000000000000246c       0x12 .build/obj_dz60_tomrobinsonio/quantum/matrix_common.o
                0x000000000000246c                matrix_get_row
 .text.matrix_print
                0x000000000000247e        0x2 .build/obj_dz60_tomrobinsonio/quantum/matrix_common.o
                0x000000000000247e                matrix_print
 .text.matrix_io_delay
                0x0000000000002480        0x8 .build/obj_dz60_tomrobinsonio/quantum/matrix_common.o
                0x0000000000002480                matrix_io_delay
 .text.matrix_output_select_delay
                0x0000000000002488        0x4 .build/obj_dz60_tomrobinsonio/quantum/matrix_common.o
                0x0000000000002488                matrix_output_select_delay
 .text.matrix_output_unselect_delay
                0x000000000000248c        0x4 .build/obj_dz60_tomrobinsonio/quantum/matrix_common.o
                0x000000000000248c                matrix_output_unselect_delay
 .text.setPinInputHigh_atomic
                0x0000000000002490       0x2e .build/obj_dz60_tomrobinsonio/quantum/matrix.o
 .text.matrix_init_pins
                0x00000000000024be       0x36 .build/obj_dz60_tomrobinsonio/quantum/matrix.o
                0x00000000000024be                matrix_init_pins
 .text.matrix_read_cols_on_row
                0x00000000000024f4       0xe0 .build/obj_dz60_tomrobinsonio/quantum/matrix.o
                0x00000000000024f4                matrix_read_cols_on_row
 .text.matrix_init
                0x00000000000025d4       0x2a .build/obj_dz60_tomrobinsonio/quantum/matrix.o
                0x00000000000025d4                matrix_init
 .text.matrix_scan
                0x00000000000025fe       0x96 .build/obj_dz60_tomrobinsonio/quantum/matrix.o
                0x00000000000025fe                matrix_scan
 .text.debounce_init
                0x0000000000002694        0x2 .build/obj_dz60_tomrobinsonio/quantum/debounce/sym_defer_g.o
                0x0000000000002694                debounce_init
 .text.debounce
                0x0000000000002696       0x72 .build/obj_dz60_tomrobinsonio/quantum/debounce/sym_defer_g.o
                0x0000000000002696                debounce
 .text.protocol_init
                0x0000000000002708        0xc .build/obj_dz60_tomrobinsonio/quantum/main.o
                0x0000000000002708                protocol_init
 .text.protocol_task
                0x0000000000002714        0xc .build/obj_dz60_tomrobinsonio/quantum/main.o
                0x0000000000002714                protocol_task
 .text.startup.main
                0x0000000000002720       0x1a .build/obj_dz60_tomrobinsonio/quantum/main.o
                0x0000000000002720                main
 .text.move_unit
                0x000000000000273a       0x94 .build/obj_dz60_tomrobinsonio/quantum/mousekey.o
 .text.wheel_unit
                0x00000000000027ce       0x72 .build/obj_dz60_tomrobinsonio/quantum/mousekey.o
 .text.mousekey_on
                0x0000000000002840       0xb4 .build/obj_dz60_tomrobinsonio/quantum/mousekey.o
                0x0000000000002840                mousekey_on
 .text.mousekey_off
                0x00000000000028f4       0xf2 .build/obj_dz60_tomrobinsonio/quantum/mousekey.o
                0x00000000000028f4                mousekey_off
 .text.mousekey_send
                0x00000000000029e6       0x36 .build/obj_dz60_tomrobinsonio/quantum/mousekey.o
                0x00000000000029e6                mousekey_send
 .text.mousekey_task
                0x0000000000002a1c      0x218 .build/obj_dz60_tomrobinsonio/quantum/mousekey.o
                0x0000000000002a1c                mousekey_task
 .text.mousekey_clear
                0x0000000000002c34       0x1c .build/obj_dz60_tomrobinsonio/quantum/mousekey.o
                0x0000000000002c34                mousekey_clear
 .text.hsv_to_rgb_impl
                0x0000000000002c50      0x12a .build/obj_dz60_tomrobinsonio/quantum/color.o
                0x0000000000002c50                hsv_to_rgb_impl
 .text.hsv_to_rgb
                0x0000000000002d7a        0x6 .build/obj_dz60_tomrobinsonio/quantum/color.o
                0x0000000000002d7a                hsv_to_rgb
 .text.rgblight_effect_dummy
                0x0000000000002d80        0x2 .build/obj_dz60_tomrobinsonio/quantum/rgblight/rgblight.o
 .text.rgblight_hsv_to_rgb
                0x0000000000002d82        0x4 .build/obj_dz60_tomrobinsonio/quantum/rgblight/rgblight.o
                0x0000000000002d82                rgblight_hsv_to_rgb
 .text.sethsv_raw
                0x0000000000002d86       0x1c .build/obj_dz60_tomrobinsonio/quantum/rgblight/rgblight.o
                0x0000000000002d86                sethsv_raw
 .text.rgblight_check_config
                0x0000000000002da2       0x1e .build/obj_dz60_tomrobinsonio/quantum/rgblight/rgblight.o
                0x0000000000002da2                rgblight_check_config
 .text.eeconfig_read_rgblight
                0x0000000000002dc0        0x8 .build/obj_dz60_tomrobinsonio/quantum/rgblight/rgblight.o
                0x0000000000002dc0                eeconfig_read_rgblight
 .text.eeconfig_update_rgblight
                0x0000000000002dc8       0x24 .build/obj_dz60_tomrobinsonio/quantum/rgblight/rgblight.o
                0x0000000000002dc8                eeconfig_update_rgblight
 .text.eeconfig_update_rgblight_default
                0x0000000000002dec       0x1e .build/obj_dz60_tomrobinsonio/quantum/rgblight/rgblight.o
                0x0000000000002dec                eeconfig_update_rgblight_default
 .text.rgblight_get_mode
                0x0000000000002e0a       0x10 .build/obj_dz60_tomrobinsonio/quantum/rgblight/rgblight.o
                0x0000000000002e0a                rgblight_get_mode
 .text.rgblight_increase_speed_helper
                0x0000000000002e1a       0x28 .build/obj_dz60_tomrobinsonio/quantum/rgblight/rgblight.o
                0x0000000000002e1a                rgblight_increase_speed_helper
 .text.rgblight_increase_speed
                0x0000000000002e42        0x6 .build/obj_dz60_tomrobinsonio/quantum/rgblight/rgblight.o
                0x0000000000002e42                rgblight_increase_speed
 .text.rgblight_decrease_speed_helper
                0x0000000000002e48       0x28 .build/obj_dz60_tomrobinsonio/quantum/rgblight/rgblight.o
                0x0000000000002e48                rgblight_decrease_speed_helper
 .text.rgblight_decrease_speed
                0x0000000000002e70        0x6 .build/obj_dz60_tomrobinsonio/quantum/rgblight/rgblight.o
                0x0000000000002e70                rgblight_decrease_speed
 .text.rgblight_call_driver
                0x0000000000002e76        0x6 .build/obj_dz60_tomrobinsonio/quantum/rgblight/rgblight.o
                0x0000000000002e76                rgblight_call_driver
 .text.rgblight_set
                0x0000000000002e7c       0x44 .build/obj_dz60_tomrobinsonio/quantum/rgblight/rgblight.o
                0x0000000000002e7c                rgblight_set
 .text.rgblight_setrgb
                0x0000000000002ec0       0x32 .build/obj_dz60_tomrobinsonio/quantum/rgblight/rgblight.o
                0x0000000000002ec0                rgblight_setrgb
 .text.rgblight_sethsv_noeeprom_old
                0x0000000000002ef2       0x34 .build/obj_dz60_tomrobinsonio/quantum/rgblight/rgblight.o
                0x0000000000002ef2                rgblight_sethsv_noeeprom_old
 .text.rgblight_effect_breathing
                0x0000000000002f26       0x28 .build/obj_dz60_tomrobinsonio/quantum/rgblight/rgblight.o
                0x0000000000002f26                rgblight_effect_breathing
 .text.rgblight_effect_rainbow_mood
                0x0000000000002f4e       0x20 .build/obj_dz60_tomrobinsonio/quantum/rgblight/rgblight.o
                0x0000000000002f4e                rgblight_effect_rainbow_mood
 .text.rgblight_effect_rgbtest
                0x0000000000002f6e       0x7e .build/obj_dz60_tomrobinsonio/quantum/rgblight/rgblight.o
                0x0000000000002f6e                rgblight_effect_rgbtest
 .text.rgblight_sethsv_eeprom_helper
                0x0000000000002fec      0x124 .build/obj_dz60_tomrobinsonio/quantum/rgblight/rgblight.o
                0x0000000000002fec                rgblight_sethsv_eeprom_helper
 .text.rgblight_increase_hue_helper
                0x0000000000003110       0x14 .build/obj_dz60_tomrobinsonio/quantum/rgblight/rgblight.o
                0x0000000000003110                rgblight_increase_hue_helper
 .text.rgblight_increase_hue
                0x0000000000003124        0x6 .build/obj_dz60_tomrobinsonio/quantum/rgblight/rgblight.o
                0x0000000000003124                rgblight_increase_hue
 .text.rgblight_decrease_hue_helper
                0x000000000000312a       0x14 .build/obj_dz60_tomrobinsonio/quantum/rgblight/rgblight.o
                0x000000000000312a                rgblight_decrease_hue_helper
 .text.rgblight_decrease_hue
                0x000000000000313e        0x6 .build/obj_dz60_tomrobinsonio/quantum/rgblight/rgblight.o
                0x000000000000313e                rgblight_decrease_hue
 .text.rgblight_increase_sat_helper
                0x0000000000003144       0x18 .build/obj_dz60_tomrobinsonio/quantum/rgblight/rgblight.o
                0x0000000000003144                rgblight_increase_sat_helper
 .text.rgblight_increase_sat
                0x000000000000315c        0x6 .build/obj_dz60_tomrobinsonio/quantum/rgblight/rgblight.o
                0x000000000000315c                rgblight_increase_sat
 .text.rgblight_decrease_sat_helper
                0x0000000000003162       0x18 .build/obj_dz60_tomrobinsonio/quantum/rgblight/rgblight.o
                0x0000000000003162                rgblight_decrease_sat_helper
 .text.rgblight_decrease_sat
                0x000000000000317a        0x6 .build/obj_dz60_tomrobinsonio/quantum/rgblight/rgblight.o
                0x000000000000317a                rgblight_decrease_sat
 .text.rgblight_increase_val_helper
                0x0000000000003180       0x18 .build/obj_dz60_tomrobinsonio/quantum/rgblight/rgblight.o
                0x0000000000003180                rgblight_increase_val_helper
 .text.rgblight_increase_val
                0x0000000000003198        0x6 .build/obj_dz60_tomrobinsonio/quantum/rgblight/rgblight.o
                0x0000000000003198                rgblight_increase_val
 .text.rgblight_decrease_val_helper
                0x000000000000319e       0x18 .build/obj_dz60_tomrobinsonio/quantum/rgblight/rgblight.o
                0x000000000000319e                rgblight_decrease_val_helper
 .text.rgblight_decrease_val
                0x00000000000031b6        0x6 .build/obj_dz60_tomrobinsonio/quantum/rgblight/rgblight.o
                0x00000000000031b6                rgblight_decrease_val
 .text.rgblight_sethsv_noeeprom
                0x00000000000031bc        0x6 .build/obj_dz60_tomrobinsonio/quantum/rgblight/rgblight.o
                0x00000000000031bc                rgblight_sethsv_noeeprom
 .text.rgblight_effect_rainbow_swirl
                0x00000000000031c2       0x7a .build/obj_dz60_tomrobinsonio/quantum/rgblight/rgblight.o
                0x00000000000031c2                rgblight_effect_rainbow_swirl
 .text.rgblight_effect_snake
                0x000000000000323c       0xe6 .build/obj_dz60_tomrobinsonio/quantum/rgblight/rgblight.o
                0x000000000000323c                rgblight_effect_snake
 .text.rgblight_effect_knight
                0x0000000000003322       0xe6 .build/obj_dz60_tomrobinsonio/quantum/rgblight/rgblight.o
                0x0000000000003322                rgblight_effect_knight
 .text.rgblight_effect_christmas
                0x0000000000003408      0x120 .build/obj_dz60_tomrobinsonio/quantum/rgblight/rgblight.o
                0x0000000000003408                rgblight_effect_christmas
 .text.rgblight_effect_alternating
                0x0000000000003528       0x7a .build/obj_dz60_tomrobinsonio/quantum/rgblight/rgblight.o
                0x0000000000003528                rgblight_effect_alternating
 .text.rgblight_disable
                0x00000000000035a2       0x30 .build/obj_dz60_tomrobinsonio/quantum/rgblight/rgblight.o
                0x00000000000035a2                rgblight_disable
 .text.rgblight_disable_noeeprom
                0x00000000000035d2       0x24 .build/obj_dz60_tomrobinsonio/quantum/rgblight/rgblight.o
                0x00000000000035d2                rgblight_disable_noeeprom
 .text.rgblight_suspend
                0x00000000000035f6       0x22 .build/obj_dz60_tomrobinsonio/quantum/rgblight/rgblight.o
                0x00000000000035f6                rgblight_suspend
 .text.rgblight_timer_enable
                0x0000000000003618       0x2c .build/obj_dz60_tomrobinsonio/quantum/rgblight/rgblight.o
                0x0000000000003618                rgblight_timer_enable
 .text.rgblight_mode_eeprom_helper
                0x0000000000003644       0x74 .build/obj_dz60_tomrobinsonio/quantum/rgblight/rgblight.o
                0x0000000000003644                rgblight_mode_eeprom_helper
 .text.rgblight_step_helper
                0x00000000000036b8       0x16 .build/obj_dz60_tomrobinsonio/quantum/rgblight/rgblight.o
                0x00000000000036b8                rgblight_step_helper
 .text.rgblight_step
                0x00000000000036ce        0x6 .build/obj_dz60_tomrobinsonio/quantum/rgblight/rgblight.o
                0x00000000000036ce                rgblight_step
 .text.rgblight_step_reverse_helper
                0x00000000000036d4       0x14 .build/obj_dz60_tomrobinsonio/quantum/rgblight/rgblight.o
                0x00000000000036d4                rgblight_step_reverse_helper
 .text.rgblight_step_reverse
                0x00000000000036e8        0x6 .build/obj_dz60_tomrobinsonio/quantum/rgblight/rgblight.o
                0x00000000000036e8                rgblight_step_reverse
 .text.rgblight_mode
                0x00000000000036ee        0x6 .build/obj_dz60_tomrobinsonio/quantum/rgblight/rgblight.o
                0x00000000000036ee                rgblight_mode
 .text.rgblight_enable
                0x00000000000036f4       0x10 .build/obj_dz60_tomrobinsonio/quantum/rgblight/rgblight.o
                0x00000000000036f4                rgblight_enable
 .text.rgblight_toggle
                0x0000000000003704        0xe .build/obj_dz60_tomrobinsonio/quantum/rgblight/rgblight.o
                0x0000000000003704                rgblight_toggle
 .text.rgblight_mode_noeeprom
                0x0000000000003712        0x6 .build/obj_dz60_tomrobinsonio/quantum/rgblight/rgblight.o
                0x0000000000003712                rgblight_mode_noeeprom
 .text.rgblight_init
                0x0000000000003718       0x66 .build/obj_dz60_tomrobinsonio/quantum/rgblight/rgblight.o
                0x0000000000003718                rgblight_init
 .text.rgblight_enable_noeeprom
                0x000000000000377e       0x10 .build/obj_dz60_tomrobinsonio/quantum/rgblight/rgblight.o
                0x000000000000377e                rgblight_enable_noeeprom
 .text.rgblight_wakeup
                0x000000000000378e       0x12 .build/obj_dz60_tomrobinsonio/quantum/rgblight/rgblight.o
                0x000000000000378e                rgblight_wakeup
 .text.rgblight_task
                0x00000000000037a0      0x128 .build/obj_dz60_tomrobinsonio/quantum/rgblight/rgblight.o
                0x00000000000037a0                rgblight_task
 .text.handleKeycodeRGB
                0x00000000000038c8        0xa .build/obj_dz60_tomrobinsonio/quantum/process_keycode/process_rgb.o
 .text.handleKeycodeRGBMode
                0x00000000000038d2       0x2a .build/obj_dz60_tomrobinsonio/quantum/process_keycode/process_rgb.o
 .text.process_rgb
                0x00000000000038fc      0x196 .build/obj_dz60_tomrobinsonio/quantum/process_keycode/process_rgb.o
                0x00000000000038fc                process_rgb
 .text.eeconfig_read_backlight
                0x0000000000003a92        0x8 .build/obj_dz60_tomrobinsonio/quantum/backlight/backlight.o
                0x0000000000003a92                eeconfig_read_backlight
 .text.eeconfig_update_backlight
                0x0000000000003a9a        0xa .build/obj_dz60_tomrobinsonio/quantum/backlight/backlight.o
                0x0000000000003a9a                eeconfig_update_backlight
 .text.eeconfig_update_backlight_default
                0x0000000000003aa4       0x10 .build/obj_dz60_tomrobinsonio/quantum/backlight/backlight.o
                0x0000000000003aa4                eeconfig_update_backlight_default
 .text.backlight_init
                0x0000000000003ab4       0x3c .build/obj_dz60_tomrobinsonio/quantum/backlight/backlight.o
                0x0000000000003ab4                backlight_init
 .text.backlight_increase
                0x0000000000003af0       0x3c .build/obj_dz60_tomrobinsonio/quantum/backlight/backlight.o
                0x0000000000003af0                backlight_increase
 .text.backlight_decrease
                0x0000000000003b2c       0x36 .build/obj_dz60_tomrobinsonio/quantum/backlight/backlight.o
                0x0000000000003b2c                backlight_decrease
 .text.backlight_enable
                0x0000000000003b62       0x30 .build/obj_dz60_tomrobinsonio/quantum/backlight/backlight.o
                0x0000000000003b62                backlight_enable
 .text.backlight_disable
                0x0000000000003b92       0x1a .build/obj_dz60_tomrobinsonio/quantum/backlight/backlight.o
                0x0000000000003b92                backlight_disable
 .text.backlight_toggle
                0x0000000000003bac        0xe .build/obj_dz60_tomrobinsonio/quantum/backlight/backlight.o
                0x0000000000003bac                backlight_toggle
 .text.backlight_step
                0x0000000000003bba       0x52 .build/obj_dz60_tomrobinsonio/quantum/backlight/backlight.o
                0x0000000000003bba                backlight_step
 .text.backlight_level_noeeprom
                0x0000000000003c0c       0x32 .build/obj_dz60_tomrobinsonio/quantum/backlight/backlight.o
                0x0000000000003c0c                backlight_level_noeeprom
 .text.backlight_level
                0x0000000000003c3e        0xc .build/obj_dz60_tomrobinsonio/quantum/backlight/backlight.o
                0x0000000000003c3e                backlight_level
 .text.process_backlight
                0x0000000000003c4a       0x60 .build/obj_dz60_tomrobinsonio/quantum/process_keycode/process_backlight.o
                0x0000000000003c4a                process_backlight
 .text.backlight_pins_init
                0x0000000000003caa        0x6 .build/obj_dz60_tomrobinsonio/quantum/backlight/backlight_driver_common.o
                0x0000000000003caa                backlight_pins_init
 .text.backlight_pins_off
                0x0000000000003cb0        0x4 .build/obj_dz60_tomrobinsonio/quantum/backlight/backlight_driver_common.o
                0x0000000000003cb0                backlight_pins_off
 .text.backlight_set
                0x0000000000003cb4      0x14c .build/obj_dz60_tomrobinsonio/quantum/backlight/backlight_avr.o
                0x0000000000003cb4                backlight_set
 .text.backlight_task
                0x0000000000003e00        0x2 .build/obj_dz60_tomrobinsonio/quantum/backlight/backlight_avr.o
                0x0000000000003e00                backlight_task
 .text.backlight_init_ports
                0x0000000000003e02       0x20 .build/obj_dz60_tomrobinsonio/quantum/backlight/backlight_avr.o
                0x0000000000003e02                backlight_init_ports
 .text.ws2812_setleds
                0x0000000000003e22       0x58 .build/obj_dz60_tomrobinsonio/ws2812.o
                0x0000000000003e22                ws2812_setleds
 .text.process_magic
                0x0000000000003e7a      0x254 .build/obj_dz60_tomrobinsonio/quantum/process_keycode/process_magic.o
                0x0000000000003e7a                process_magic
 .text.process_grave_esc
                0x00000000000040ce       0x54 .build/obj_dz60_tomrobinsonio/quantum/process_keycode/process_grave_esc.o
                0x00000000000040ce                process_grave_esc
 .text.perform_space_cadet
                0x0000000000004122       0xd8 .build/obj_dz60_tomrobinsonio/quantum/process_keycode/process_space_cadet.o
                0x0000000000004122                perform_space_cadet
 .text.process_space_cadet
                0x00000000000041fa       0xa4 .build/obj_dz60_tomrobinsonio/quantum/process_keycode/process_space_cadet.o
                0x00000000000041fa                process_space_cadet
 .text.print_set_sendchar
                0x000000000000429e        0xa .build/obj_dz60_tomrobinsonio/platforms/avr/printf.o
                0x000000000000429e                print_set_sendchar
 .text.host_set_driver
                0x00000000000042a8        0xa .build/obj_dz60_tomrobinsonio/protocol/host.o
                0x00000000000042a8                host_set_driver
 .text.host_keyboard_leds
                0x00000000000042b2       0x18 .build/obj_dz60_tomrobinsonio/protocol/host.o
                0x00000000000042b2                host_keyboard_leds
 .text.host_keyboard_send
                0x00000000000042ca       0x34 .build/obj_dz60_tomrobinsonio/protocol/host.o
                0x00000000000042ca                host_keyboard_send
 .text.host_mouse_send
                0x00000000000042fe       0x1c .build/obj_dz60_tomrobinsonio/protocol/host.o
                0x00000000000042fe                host_mouse_send
 .text.host_system_send
                0x000000000000431a       0x2c .build/obj_dz60_tomrobinsonio/protocol/host.o
                0x000000000000431a                host_system_send
 .text.host_consumer_send
                0x0000000000004346       0x2c .build/obj_dz60_tomrobinsonio/protocol/host.o
                0x0000000000004346                host_consumer_send
 .text.has_anykey
                0x0000000000004372       0x28 .build/obj_dz60_tomrobinsonio/protocol/report.o
                0x0000000000004372                has_anykey
 .text.is_key_pressed
                0x000000000000439a       0x60 .build/obj_dz60_tomrobinsonio/protocol/report.o
                0x000000000000439a                is_key_pressed
 .text.add_key_byte
                0x00000000000043fa       0x34 .build/obj_dz60_tomrobinsonio/protocol/report.o
                0x00000000000043fa                add_key_byte
 .text.del_key_byte
                0x000000000000442e       0x1a .build/obj_dz60_tomrobinsonio/protocol/report.o
                0x000000000000442e                del_key_byte
 .text.add_key_bit
                0x0000000000004448       0x28 .build/obj_dz60_tomrobinsonio/protocol/report.o
                0x0000000000004448                add_key_bit
 .text.del_key_bit
                0x0000000000004470       0x2a .build/obj_dz60_tomrobinsonio/protocol/report.o
                0x0000000000004470                del_key_bit
 .text.add_key_to_report
                0x000000000000449a       0x16 .build/obj_dz60_tomrobinsonio/protocol/report.o
                0x000000000000449a                add_key_to_report
 .text.del_key_from_report
                0x00000000000044b0       0x16 .build/obj_dz60_tomrobinsonio/protocol/report.o
                0x00000000000044b0                del_key_from_report
 .text.clear_keys_from_report
                0x00000000000044c6       0x24 .build/obj_dz60_tomrobinsonio/protocol/report.o
                0x00000000000044c6                clear_keys_from_report
 .text.notify_usb_device_state_change_user
                0x00000000000044ea        0x2 .build/obj_dz60_tomrobinsonio/protocol/usb_device_state.o
                0x00000000000044ea                notify_usb_device_state_change_user
 .text.notify_usb_device_state_change_kb
                0x00000000000044ec        0x4 .build/obj_dz60_tomrobinsonio/protocol/usb_device_state.o
                0x00000000000044ec                notify_usb_device_state_change_kb
 .text.usb_device_state_set_configuration
                0x00000000000044f0       0x12 .build/obj_dz60_tomrobinsonio/protocol/usb_device_state.o
                0x00000000000044f0                usb_device_state_set_configuration
 .text.usb_device_state_set_suspend
                0x0000000000004502        0xa .build/obj_dz60_tomrobinsonio/protocol/usb_device_state.o
                0x0000000000004502                usb_device_state_set_suspend
 .text.usb_device_state_set_resume
                0x000000000000450c        0x4 .build/obj_dz60_tomrobinsonio/protocol/usb_device_state.o
                0x000000000000450c                usb_device_state_set_resume
 .text.usb_device_state_set_reset
                0x0000000000004510        0xa .build/obj_dz60_tomrobinsonio/protocol/usb_device_state.o
                0x0000000000004510                usb_device_state_set_reset
 .text.usb_device_state_init
                0x000000000000451a        0x4 .build/obj_dz60_tomrobinsonio/protocol/usb_device_state.o
                0x000000000000451a                usb_device_state_init
 .text.platform_setup
                0x000000000000451e        0x2 .build/obj_dz60_tomrobinsonio/platforms/avr/platform.o
                0x000000000000451e                platform_setup
 .text.suspend_power_down
                0x0000000000004520       0x56 .build/obj_dz60_tomrobinsonio/platforms/avr/suspend.o
                0x0000000000004520                suspend_power_down
 .text.matrix_power_up
                0x0000000000004576        0x2 .build/obj_dz60_tomrobinsonio/platforms/avr/suspend.o
                0x0000000000004576                matrix_power_up
 .text.matrix_power_down
                0x0000000000004578        0x2 .build/obj_dz60_tomrobinsonio/platforms/avr/suspend.o
                0x0000000000004578                matrix_power_down
 .text.suspend_wakeup_condition
                0x000000000000457a       0x2a .build/obj_dz60_tomrobinsonio/platforms/avr/suspend.o
                0x000000000000457a                suspend_wakeup_condition
 .text.suspend_wakeup_init
                0x00000000000045a4        0x8 .build/obj_dz60_tomrobinsonio/platforms/avr/suspend.o
                0x00000000000045a4                suspend_wakeup_init
 .text.__vector_12
                0x00000000000045ac       0x4e .build/obj_dz60_tomrobinsonio/platforms/avr/suspend.o
                0x00000000000045ac                __vector_12
 .text.timer_init
                0x00000000000045fa       0x12 .build/obj_dz60_tomrobinsonio/platforms/avr/timer.o
                0x00000000000045fa                timer_init
 .text.timer_read
                0x000000000000460c       0x18 .build/obj_dz60_tomrobinsonio/platforms/avr/timer.o
                0x000000000000460c                timer_read
 .text.timer_read32
                0x0000000000004624       0x18 .build/obj_dz60_tomrobinsonio/platforms/avr/timer.o
                0x0000000000004624                timer_read32
 .text.timer_elapsed
                0x000000000000463c       0x1e .build/obj_dz60_tomrobinsonio/platforms/avr/timer.o
                0x000000000000463c                timer_elapsed
 .text.__vector_21
                0x000000000000465a       0x48 .build/obj_dz60_tomrobinsonio/platforms/avr/timer.o
                0x000000000000465a                __vector_21
 .text.bootloader_jump
                0x00000000000046a2       0x48 .build/obj_dz60_tomrobinsonio/platforms/avr/bootloader.o
                0x00000000000046a2                bootloader_jump
 .text.keyboard_leds
                0x00000000000046ea        0x6 .build/obj_dz60_tomrobinsonio/lufa.o
 .text.send_programmable_button
                0x00000000000046f0        0x2 .build/obj_dz60_tomrobinsonio/lufa.o
 .text.send_mouse
                0x00000000000046f2       0x42 .build/obj_dz60_tomrobinsonio/lufa.o
 .text.send_keyboard
                0x0000000000004734       0x80 .build/obj_dz60_tomrobinsonio/lufa.o
 .text.send_extra
                0x00000000000047b4       0x56 .build/obj_dz60_tomrobinsonio/lufa.o
 .text.send_consumer
                0x000000000000480a        0x8 .build/obj_dz60_tomrobinsonio/lufa.o
 .text.send_system
                0x0000000000004812        0x8 .build/obj_dz60_tomrobinsonio/lufa.o
 .text.EVENT_USB_Device_Connect
                0x000000000000481a       0x1c .build/obj_dz60_tomrobinsonio/lufa.o
                0x000000000000481a                EVENT_USB_Device_Connect
 .text.EVENT_USB_Device_Disconnect
                0x0000000000004836        0x6 .build/obj_dz60_tomrobinsonio/lufa.o
                0x0000000000004836                EVENT_USB_Device_Disconnect
 .text.EVENT_USB_Device_Reset
                0x000000000000483c        0x4 .build/obj_dz60_tomrobinsonio/lufa.o
                0x000000000000483c                EVENT_USB_Device_Reset
 .text.EVENT_USB_Device_Suspend
                0x0000000000004840       0x10 .build/obj_dz60_tomrobinsonio/lufa.o
                0x0000000000004840                EVENT_USB_Device_Suspend
 .text.EVENT_USB_Device_WakeUp
                0x0000000000004850       0x14 .build/obj_dz60_tomrobinsonio/lufa.o
                0x0000000000004850                EVENT_USB_Device_WakeUp
 .text.EVENT_USB_Device_ConfigurationChanged
                0x0000000000004864       0x28 .build/obj_dz60_tomrobinsonio/lufa.o
                0x0000000000004864                EVENT_USB_Device_ConfigurationChanged
 .text.EVENT_USB_Device_ControlRequest
                0x000000000000488c      0x170 .build/obj_dz60_tomrobinsonio/lufa.o
                0x000000000000488c                EVENT_USB_Device_ControlRequest
 .text.protocol_setup
                0x00000000000049fc       0x32 .build/obj_dz60_tomrobinsonio/lufa.o
                0x00000000000049fc                protocol_setup
 .text.protocol_pre_init
                0x0000000000004a2e       0x18 .build/obj_dz60_tomrobinsonio/lufa.o
                0x0000000000004a2e                protocol_pre_init
 .text.protocol_post_init
                0x0000000000004a46        0x8 .build/obj_dz60_tomrobinsonio/lufa.o
                0x0000000000004a46                protocol_post_init
 .text.protocol_pre_task
                0x0000000000004a4e       0x34 .build/obj_dz60_tomrobinsonio/lufa.o
                0x0000000000004a4e                protocol_pre_task
 .text.protocol_post_task
                0x0000000000004a82        0x2 .build/obj_dz60_tomrobinsonio/lufa.o
                0x0000000000004a82                protocol_post_task
 .text.CALLBACK_USB_GetDescriptor
                0x0000000000004a84        0x4 .build/obj_dz60_tomrobinsonio/lufa.o
                0x0000000000004a84                CALLBACK_USB_GetDescriptor
 .text.get_usb_descriptor
                0x0000000000004a88       0xb0 .build/obj_dz60_tomrobinsonio/usb_descriptor.o
                0x0000000000004a88                get_usb_descriptor
 .text.USB_Device_SendRemoteWakeup
                0x0000000000004b38       0x2c .build/obj_dz60_tomrobinsonio/lib/lufa/LUFA/Drivers/USB/Core/AVR8/Device_AVR8.o
                0x0000000000004b38                USB_Device_SendRemoteWakeup
 .text.Endpoint_Write_Stream_LE
                0x0000000000004b64       0x9e .build/obj_dz60_tomrobinsonio/lib/lufa/LUFA/Drivers/USB/Core/AVR8/EndpointStream_AVR8.o
                0x0000000000004b64                Endpoint_Write_Stream_LE
 .text.Endpoint_Write_Control_Stream_LE
                0x0000000000004c02       0xbc .build/obj_dz60_tomrobinsonio/lib/lufa/LUFA/Drivers/USB/Core/AVR8/EndpointStream_AVR8.o
                0x0000000000004c02                Endpoint_Write_Control_Stream_LE
 .text.Endpoint_Write_Control_PStream_LE
                0x0000000000004cbe       0xbe .build/obj_dz60_tomrobinsonio/lib/lufa/LUFA/Drivers/USB/Core/AVR8/EndpointStream_AVR8.o
                0x0000000000004cbe                Endpoint_Write_Control_PStream_LE
 .text.Endpoint_ConfigureEndpoint_Prv
                0x0000000000004d7c       0x68 .build/obj_dz60_tomrobinsonio/lib/lufa/LUFA/Drivers/USB/Core/AVR8/Endpoint_AVR8.o
                0x0000000000004d7c                Endpoint_ConfigureEndpoint_Prv
 .text.Endpoint_ClearStatusStage
                0x0000000000004de4       0x3e .build/obj_dz60_tomrobinsonio/lib/lufa/LUFA/Drivers/USB/Core/AVR8/Endpoint_AVR8.o
                0x0000000000004de4                Endpoint_ClearStatusStage
 .text.Endpoint_WaitUntilReady
                0x0000000000004e22       0x62 .build/obj_dz60_tomrobinsonio/lib/lufa/LUFA/Drivers/USB/Core/AVR8/Endpoint_AVR8.o
                0x0000000000004e22                Endpoint_WaitUntilReady
 .text.USB_Disable
                0x0000000000004e84       0x34 .build/obj_dz60_tomrobinsonio/lib/lufa/LUFA/Drivers/USB/Core/AVR8/USBController_AVR8.o
                0x0000000000004e84                USB_Disable
 .text.USB_ResetInterface
                0x0000000000004eb8       0x86 .build/obj_dz60_tomrobinsonio/lib/lufa/LUFA/Drivers/USB/Core/AVR8/USBController_AVR8.o
                0x0000000000004eb8                USB_ResetInterface
 .text.USB_Init
                0x0000000000004f3e       0x22 .build/obj_dz60_tomrobinsonio/lib/lufa/LUFA/Drivers/USB/Core/AVR8/USBController_AVR8.o
                0x0000000000004f3e                USB_Init
 .text.USB_INT_DisableAllInterrupts
                0x0000000000004f60       0x10 .build/obj_dz60_tomrobinsonio/lib/lufa/LUFA/Drivers/USB/Core/AVR8/USBInterrupt_AVR8.o
                0x0000000000004f60                USB_INT_DisableAllInterrupts
 .text.USB_INT_ClearAllInterrupts
                0x0000000000004f70        0xa .build/obj_dz60_tomrobinsonio/lib/lufa/LUFA/Drivers/USB/Core/AVR8/USBInterrupt_AVR8.o
                0x0000000000004f70                USB_INT_ClearAllInterrupts
 .text.__vector_10
                0x0000000000004f7a      0x1a8 .build/obj_dz60_tomrobinsonio/lib/lufa/LUFA/Drivers/USB/Core/AVR8/USBInterrupt_AVR8.o
                0x0000000000004f7a                __vector_10
 .text.__vector_11
                0x0000000000005122       0x88 .build/obj_dz60_tomrobinsonio/lib/lufa/LUFA/Drivers/USB/Core/AVR8/USBInterrupt_AVR8.o
                0x0000000000005122                __vector_11
 .text.USB_Device_ProcessControlRequest
                0x00000000000051aa      0x2a4 .build/obj_dz60_tomrobinsonio/lib/lufa/LUFA/Drivers/USB/Core/DeviceStandardReq.o
                0x00000000000051aa                USB_Device_ProcessControlRequest
 .text.USB_Event_Stub
                0x000000000000544e        0x2 .build/obj_dz60_tomrobinsonio/lib/lufa/LUFA/Drivers/USB/Core/Events.o
                0x000000000000544e                USB_Event_Stub
                0x000000000000544e                EVENT_USB_Device_StartOfFrame
 .text.USB_USBTask
                0x0000000000005450       0x36 .build/obj_dz60_tomrobinsonio/lib/lufa/LUFA/Drivers/USB/Core/USBTask.o
                0x0000000000005450                USB_USBTask
 .text.libgcc.mul
                0x0000000000005486       0x20 /opt/homebrew/Cellar/avr-gcc@8/8.4.0_2/lib/avr-gcc/8/gcc/avr/8.4.0/avr5/libgcc.a(_mulsi3.o)
                0x0000000000005486                __mulsi3
 .text.libgcc.div
                0x00000000000054a6       0x28 /opt/homebrew/Cellar/avr-gcc@8/8.4.0_2/lib/avr-gcc/8/gcc/avr/8.4.0/avr5/libgcc.a(_udivmodhi4.o)
                0x00000000000054a6                __udivmodhi4
 .text.libgcc.div
                0x00000000000054ce       0x28 /opt/homebrew/Cellar/avr-gcc@8/8.4.0_2/lib/avr-gcc/8/gcc/avr/8.4.0/avr5/libgcc.a(_divmodhi4.o)
                0x00000000000054ce                __divmodhi4
                0x00000000000054ce                _div
 .text.libgcc.div
                0x00000000000054f6       0x44 /opt/homebrew/Cellar/avr-gcc@8/8.4.0_2/lib/avr-gcc/8/gcc/avr/8.4.0/avr5/libgcc.a(_udivmodsi4.o)
                0x00000000000054f6                __udivmodsi4
 .text.libgcc   0x000000000000553a        0xc /opt/homebrew/Cellar/avr-gcc@8/8.4.0_2/lib/avr-gcc/8/gcc/avr/8.4.0/avr5/libgcc.a(_tablejump2.o)
                0x000000000000553a                __tablejump2__
 .text.libgcc.mul
                0x0000000000005546       0x10 /opt/homebrew/Cellar/avr-gcc@8/8.4.0_2/lib/avr-gcc/8/gcc/avr/8.4.0/avr5/libgcc.a(_mulhisi3.o)
                0x0000000000005546                __mulhisi3
 .text.libgcc.mul
                0x0000000000005556       0x1e /opt/homebrew/Cellar/avr-gcc@8/8.4.0_2/lib/avr-gcc/8/gcc/avr/8.4.0/avr5/libgcc.a(_umulhisi3.o)
                0x0000000000005556                __umulhisi3
 .text.libgcc.mul
                0x0000000000005574        0xe /opt/homebrew/Cellar/avr-gcc@8/8.4.0_2/lib/avr-gcc/8/gcc/avr/8.4.0/avr5/libgcc.a(_usmulhisi3.o)
                0x0000000000005574                __usmulhisi3
                0x0000000000005578                __usmulhisi3_tail
 .text.libgcc.mul
                0x0000000000005582       0x16 /opt/homebrew/Cellar/avr-gcc@8/8.4.0_2/lib/avr-gcc/8/gcc/avr/8.4.0/avr5/libgcc.a(_muluhisi3.o)
                0x0000000000005582                __muluhisi3
 .text.libgcc.mul
                0x0000000000005598       0x10 /opt/homebrew/Cellar/avr-gcc@8/8.4.0_2/lib/avr-gcc/8/gcc/avr/8.4.0/avr5/libgcc.a(_mulshisi3.o)
                0x0000000000005598                __mulshisi3
                0x000000000000559e                __mulohisi3
 .text.avr-libc
                0x00000000000055a8       0x1a /opt/homebrew/Cellar/avr-gcc@8/8.4.0_2/lib/avr-gcc/8/gcc/avr/8.4.0/../../../../../../avr/lib/avr5/libc.a(memchr.o)
                0x00000000000055a8                memchr
 .text.avr-libc
                0x00000000000055c2       0x1a /opt/homebrew/Cellar/avr-gcc@8/8.4.0_2/lib/avr-gcc/8/gcc/avr/8.4.0/../../../../../../avr/lib/avr5/libc.a(memcmp.o)
                0x00000000000055c2                memcmp
 .text.avr-libc
                0x00000000000055dc       0x10 /opt/homebrew/Cellar/avr-gcc@8/8.4.0_2/lib/avr-gcc/8/gcc/avr/8.4.0/../../../../../../avr/lib/avr5/libatmega32u4.a(eerd_byte.o)
                0x00000000000055dc                eeprom_read_byte
 .text.avr-libc
                0x00000000000055ec        0xc /opt/homebrew/Cellar/avr-gcc@8/8.4.0_2/lib/avr-gcc/8/gcc/avr/8.4.0/../../../../../../avr/lib/avr5/libatmega32u4.a(eerd_dword.o)
                0x00000000000055ec                eeprom_read_dword
                0x00000000000055ec                eeprom_read_float
 .text.avr-libc
                0x00000000000055f8        0xc /opt/homebrew/Cellar/avr-gcc@8/8.4.0_2/lib/avr-gcc/8/gcc/avr/8.4.0/../../../../../../avr/lib/avr5/libatmega32u4.a(eerd_word.o)
                0x00000000000055f8                eeprom_read_word
 .text.avr-libc
                0x0000000000005604       0x24 /opt/homebrew/Cellar/avr-gcc@8/8.4.0_2/lib/avr-gcc/8/gcc/avr/8.4.0/../../../../../../avr/lib/avr5/libatmega32u4.a(eeupd_byte.o)
                0x0000000000005604                eeprom_update_byte
                0x0000000000005606                eeprom_update_r18
 .text.avr-libc
                0x0000000000005628       0x18 /opt/homebrew/Cellar/avr-gcc@8/8.4.0_2/lib/avr-gcc/8/gcc/avr/8.4.0/../../../../../../avr/lib/avr5/libatmega32u4.a(eeupd_dword.o)
                0x0000000000005628                eeprom_update_dword
                0x0000000000005628                eeprom_update_float
 .text.avr-libc
                0x0000000000005640        0xc /opt/homebrew/Cellar/avr-gcc@8/8.4.0_2/lib/avr-gcc/8/gcc/avr/8.4.0/../../../../../../avr/lib/avr5/libatmega32u4.a(eeupd_word.o)
                0x0000000000005640                eeprom_update_word
 .text.avr-libc
                0x000000000000564c       0x20 /opt/homebrew/Cellar/avr-gcc@8/8.4.0_2/lib/avr-gcc/8/gcc/avr/8.4.0/../../../../../../avr/lib/avr5/libatmega32u4.a(eerd_block.o)
                0x000000000000564c                eeprom_read_block
                0x0000000000005650                eeprom_read_blraw
                0x000000000000566c                . = ALIGN (0x2)
 *(.fini9)
 .fini9         0x000000000000566c        0x0 /opt/homebrew/Cellar/avr-gcc@8/8.4.0_2/lib/avr-gcc/8/gcc/avr/8.4.0/avr5/libgcc.a(_exit.o)
                0x000000000000566c                exit
                0x000000000000566c                _exit
 *(.fini9)
 *(.fini8)
 *(.fini8)
 *(.fini7)
 *(.fini7)
 *(.fini6)
 *(.fini6)
 *(.fini5)
 *(.fini5)
 *(.fini4)
 *(.fini4)
 *(.fini3)
 *(.fini3)
 *(.fini2)
 *(.fini2)
 *(.fini1)
 *(.fini1)
 *(.fini0)
 .fini0         0x000000000000566c        0x4 /opt/homebrew/Cellar/avr-gcc@8/8.4.0_2/lib/avr-gcc/8/gcc/avr/8.4.0/avr5/libgcc.a(_exit.o)
 *(.fini0)
 *(.hightext)
 *(.hightext*)
 *(.progmemx.*)
                0x0000000000005670                . = ALIGN (0x2)
 *(.jumptables)
 *(.jumptables*)
 .jumptables.gcc.process_action
                0x0000000000005670       0x20 .build/obj_dz60_tomrobinsonio/quantum/action.o
 .jumptables.gcc.is_tap_action
                0x0000000000005690       0x1c .build/obj_dz60_tomrobinsonio/quantum/action.o
 .jumptables.gcc.USB_Device_ProcessControlRequest
                0x00000000000056ac       0x14 .build/obj_dz60_tomrobinsonio/lib/lufa/LUFA/Drivers/USB/Core/DeviceStandardReq.o
                0x00000000000056c0                _etext = .

.data           0x0000000000800100       0xc8 load address 0x00000000000056c0
                0x0000000000800100                PROVIDE (__data_start = .)
 *(.data)
 *(.data*)
 .data.g_tapping_term
                0x0000000000800100        0x2 .build/obj_dz60_tomrobinsonio/quantum/action_tapping.o
                0x0000000000800100                g_tapping_term
 .data.keyboard_report
                0x0000000000800102        0x2 .build/obj_dz60_tomrobinsonio/quantum/action_util.o
                0x0000000000800102                keyboard_report
 .data.mk_wheel_time_to_max
                0x0000000000800104        0x1 .build/obj_dz60_tomrobinsonio/quantum/mousekey.o
                0x0000000000800104                mk_wheel_time_to_max
 .data.mk_wheel_max_speed
                0x0000000000800105        0x1 .build/obj_dz60_tomrobinsonio/quantum/mousekey.o
                0x0000000000800105                mk_wheel_max_speed
 .data.mk_wheel_interval
                0x0000000000800106        0x1 .build/obj_dz60_tomrobinsonio/quantum/mousekey.o
                0x0000000000800106                mk_wheel_interval
 .data.mk_wheel_delay
                0x0000000000800107        0x1 .build/obj_dz60_tomrobinsonio/quantum/mousekey.o
                0x0000000000800107                mk_wheel_delay
 .data.mk_time_to_max
                0x0000000000800108        0x1 .build/obj_dz60_tomrobinsonio/quantum/mousekey.o
                0x0000000000800108                mk_time_to_max
 .data.mk_max_speed
                0x0000000000800109        0x1 .build/obj_dz60_tomrobinsonio/quantum/mousekey.o
                0x0000000000800109                mk_max_speed
 .data.mk_interval
                0x000000000080010a        0x1 .build/obj_dz60_tomrobinsonio/quantum/mousekey.o
                0x000000000080010a                mk_interval
 .data.mk_delay
                0x000000000080010b        0x1 .build/obj_dz60_tomrobinsonio/quantum/mousekey.o
                0x000000000080010b                mk_delay
 .data.increment.3475
                0x000000000080010c        0x1 .build/obj_dz60_tomrobinsonio/quantum/rgblight/rgblight.o
 .data.increment.3463
                0x000000000080010d        0x1 .build/obj_dz60_tomrobinsonio/quantum/rgblight/rgblight.o
 .data.high_bound.3462
                0x000000000080010e        0x1 .build/obj_dz60_tomrobinsonio/quantum/rgblight/rgblight.o
 .data.rgblight_ranges
                0x000000000080010f        0x5 .build/obj_dz60_tomrobinsonio/quantum/rgblight/rgblight.o
                0x000000000080010f                rgblight_ranges
 .data.static_effect_table
                0x0000000000800114        0xb .build/obj_dz60_tomrobinsonio/quantum/rgblight/rgblight.o
 .data.lufa_driver
                0x000000000080011f        0xc .build/obj_dz60_tomrobinsonio/lufa.o
                0x000000000080011f                lufa_driver
 .data.keyboard_protocol
                0x000000000080012b        0x1 .build/obj_dz60_tomrobinsonio/lufa.o
                0x000000000080012b                keyboard_protocol
 *(.gnu.linkonce.d*)
 *(.rodata)
 *(.rodata*)
 .rodata.CSWTCH.12
                0x000000000080012c       0x2e .build/obj_dz60_tomrobinsonio/quantum/action.o
 .rodata.CSWTCH.11
                0x000000000080015a        0x3 .build/obj_dz60_tomrobinsonio/quantum/action.o
 .rodata.CSWTCH.1
                0x000000000080015d       0x2e .build/obj_dz60_tomrobinsonio/quantum/keymap_common.o
 .rodata.CSWTCH.0
                0x000000000080018b        0x3 .build/obj_dz60_tomrobinsonio/quantum/keymap_common.o
 .rodata.col_pins
                0x000000000080018e        0xf .build/obj_dz60_tomrobinsonio/quantum/matrix.o
 .rodata.row_pins
                0x000000000080019d        0x5 .build/obj_dz60_tomrobinsonio/quantum/matrix.o
 .rodata.mode_base_table
                0x00000000008001a2       0x25 .build/obj_dz60_tomrobinsonio/quantum/rgblight/rgblight.o
 *(.gnu.linkonce.r*)
                0x00000000008001c8                . = ALIGN (0x2)
 *fill*         0x00000000008001c7        0x1 
                0x00000000008001c8                _edata = .
                0x00000000008001c8                PROVIDE (__data_end = .)

.bss            0x00000000008001c8      0x15a
                0x00000000008001c8                PROVIDE (__bss_start = .)
 *(.bss)
 .bss           0x00000000008001c8        0x2 .build/obj_dz60_tomrobinsonio/platforms/avr/xprintf.o
                0x00000000008001c8                xfunc_out
 *(.bss*)
 .bss.disable_action_cache
                0x00000000008001ca        0x1 .build/obj_dz60_tomrobinsonio/quantum/action.o
                0x00000000008001ca                disable_action_cache
 .bss.source_layers_cache
                0x00000000008001cb       0x32 .build/obj_dz60_tomrobinsonio/quantum/action_layer.o
                0x00000000008001cb                source_layers_cache
 .bss.layer_state
                0x00000000008001fd        0x4 .build/obj_dz60_tomrobinsonio/quantum/action_layer.o
                0x00000000008001fd                layer_state
 .bss.default_layer_state
                0x0000000000800201        0x4 .build/obj_dz60_tomrobinsonio/quantum/action_layer.o
                0x0000000000800201                default_layer_state
 .bss.waiting_buffer_tail
                0x0000000000800205        0x1 .build/obj_dz60_tomrobinsonio/quantum/action_tapping.o
 .bss.waiting_buffer_head
                0x0000000000800206        0x1 .build/obj_dz60_tomrobinsonio/quantum/action_tapping.o
 .bss.waiting_buffer
                0x0000000000800207       0x30 .build/obj_dz60_tomrobinsonio/quantum/action_tapping.o
 .bss.tapping_key
                0x0000000000800237        0x6 .build/obj_dz60_tomrobinsonio/quantum/action_tapping.o
 .bss.oneshot_layer_data
                0x000000000080023d        0x1 .build/obj_dz60_tomrobinsonio/quantum/action_util.o
 .bss.oneshot_mods
                0x000000000080023e        0x1 .build/obj_dz60_tomrobinsonio/quantum/action_util.o
 .bss.__compound_literal.0
                0x000000000080023f       0x20 .build/obj_dz60_tomrobinsonio/quantum/action_util.o
 .bss.macro_mods
                0x000000000080025f        0x1 .build/obj_dz60_tomrobinsonio/quantum/action_util.o
 .bss.weak_mods
                0x0000000000800260        0x1 .build/obj_dz60_tomrobinsonio/quantum/action_util.o
 .bss.real_mods
                0x0000000000800261        0x1 .build/obj_dz60_tomrobinsonio/quantum/action_util.o
 .bss.led_status.6358
                0x0000000000800262        0x1 .build/obj_dz60_tomrobinsonio/quantum/keyboard.o
 .bss.matrix_prev.6357
                0x0000000000800263        0xa .build/obj_dz60_tomrobinsonio/quantum/keyboard.o
 .bss.last_matrix_modification_time
                0x000000000080026d        0x4 .build/obj_dz60_tomrobinsonio/quantum/keyboard.o
 .bss.last_input_modification_time
                0x0000000000800271        0x4 .build/obj_dz60_tomrobinsonio/quantum/keyboard.o
 .bss.debug_config
                0x0000000000800275        0x1 .build/obj_dz60_tomrobinsonio/quantum/logging/debug.o
                0x0000000000800275                debug_config
 .bss.debouncing_time
                0x0000000000800276        0x2 .build/obj_dz60_tomrobinsonio/quantum/debounce/sym_defer_g.o
 .bss.debouncing
                0x0000000000800278        0x1 .build/obj_dz60_tomrobinsonio/quantum/debounce/sym_defer_g.o
 .bss.last_timer_w
                0x0000000000800279        0x2 .build/obj_dz60_tomrobinsonio/quantum/mousekey.o
 .bss.last_timer_c
                0x000000000080027b        0x2 .build/obj_dz60_tomrobinsonio/quantum/mousekey.o
 .bss.mousekey_wheel_repeat
                0x000000000080027d        0x1 .build/obj_dz60_tomrobinsonio/quantum/mousekey.o
 .bss.mousekey_repeat
                0x000000000080027e        0x1 .build/obj_dz60_tomrobinsonio/quantum/mousekey.o
 .bss.mousekey_accel
                0x000000000080027f        0x1 .build/obj_dz60_tomrobinsonio/quantum/mousekey.o
 .bss.mouse_report
                0x0000000000800280        0x6 .build/obj_dz60_tomrobinsonio/quantum/mousekey.o
 .bss.maxval.3490
                0x0000000000800286        0x1 .build/obj_dz60_tomrobinsonio/quantum/rgblight/rgblight.o
 .bss.low_bound.3461
                0x0000000000800287        0x1 .build/obj_dz60_tomrobinsonio/quantum/rgblight/rgblight.o
 .bss.pos.3445  0x0000000000800288        0x1 .build/obj_dz60_tomrobinsonio/quantum/rgblight/rgblight.o
 .bss.animation_status
                0x0000000000800289        0x6 .build/obj_dz60_tomrobinsonio/quantum/rgblight/rgblight.o
                0x0000000000800289                animation_status
 .bss.pre_suspend_enabled
                0x000000000080028f        0x1 .build/obj_dz60_tomrobinsonio/quantum/rgblight/rgblight.o
 .bss.is_suspended
                0x0000000000800290        0x1 .build/obj_dz60_tomrobinsonio/quantum/rgblight/rgblight.o
 .bss.is_rgblight_initialized
                0x0000000000800291        0x1 .build/obj_dz60_tomrobinsonio/quantum/rgblight/rgblight.o
                0x0000000000800291                is_rgblight_initialized
 .bss.rgblight_status
                0x0000000000800292        0x2 .build/obj_dz60_tomrobinsonio/quantum/rgblight/rgblight.o
                0x0000000000800292                rgblight_status
 .bss.grave_esc_was_shifted
                0x0000000000800294        0x1 .build/obj_dz60_tomrobinsonio/quantum/process_keycode/process_grave_esc.o